Component: ARM Compiler 5.06 update 6 (build 750) Tool: armlink [4d35ed]

==============================================================================

Section Cross References

    main.o(.text) refers to delay.o(.text) for delay_init
    main.o(.text) refers to misc.o(.text) for NVIC_PriorityGroupConfig
    main.o(.text) refers to os_core.o(.text) for OSInit
    main.o(.text) refers to cpu_a.o(.text) for CPU_SR_Save
    main.o(.text) refers to task.o(.text) for StartTaskCreate
    main.o(.text) refers to os_var.o(.data) for OSSchedLockNestingCtr
    system_stm32f4xx.o(.text) refers to system_stm32f4xx.o(.data) for SystemCoreClock
    task.o(.text) refers to gpio.o(.text) for KEY_Init
    task.o(.text) refers to os_flag.o(.text) for OSFlagPend
    task.o(.text) refers to os_q.o(.text) for OSQPost
    task.o(.text) refers to os_time.o(.text) for OSTimeDlyHMSM
    task.o(.text) refers to os_task.o(.text) for OSTaskCreate
    task.o(.text) refers to test.o(.text) for Brake_Init
    task.o(.text) refers to motor.o(.text) for Motor_Init
    task.o(.text) refers to stm32f4xx_gpio.o(.text) for GPIO_SetBits
    task.o(.text) refers to cpu_core.o(.text) for CPU_Init
    task.o(.text) refers to os_stat.o(.text) for OSStatTaskCPUUsageInit
    task.o(.text) refers to os_core.o(.text) for OSSchedRoundRobinCfg
    task.o(.text) refers to led.o(.text) for LED_GPIO_Config
    task.o(.text) refers to cpu_a.o(.text) for CPU_SR_Save
    task.o(.text) refers to task.o(.bss) for BRAKEFLAG
    task.o(.text) refers to os_var.o(.data) for OSSchedLockNestingCtr
    task.o(.text) refers to usart1_dma.o(.text) for USART1_DMA_Init
    task.o(.text) refers to delay.o(.text) for delay_ms
    task.o(.text) refers to stm32f4xx_exti.o(.text) for EXTI_GetITStatus
    adc.o(.text) refers to stm32f4xx_rcc.o(.text) for RCC_AHB1PeriphClockCmd
    adc.o(.text) refers to stm32f4xx_gpio.o(.text) for GPIO_Init
    adc.o(.text) refers to stm32f4xx_dma.o(.text) for DMA_DeInit
    adc.o(.text) refers to stm32f4xx_adc.o(.text) for ADC_DeInit
    adc.o(.text) refers to adc.o(.bss) for adc2_value
    brake.o(.text) refers to crc_16.o(.text) for usMBCRC16
    brake.o(.text) refers to usart2_dma.o(.text) for USART2_DMA_Send_Once_Data
    brake.o(.text) refers to brake.o(.data) for Read_Date
    brake.o(.text) refers to brake.o(.bss) for Write_Date
    brake_control.o(.text) refers to brake.o(.text) for Set_Brake
    crc_16.o(.text) refers to crc_16.o(.data) for ucCRCHi
    crc_16.o(.text) refers to crc_16.o(.constdata) for aucCRCHi
    dac.o(.text) refers to stm32f4xx_rcc.o(.text) for RCC_AHB1PeriphClockCmd
    dac.o(.text) refers to stm32f4xx_gpio.o(.text) for GPIO_Init
    dac.o(.text) refers to stm32f4xx_dac.o(.text) for DAC_Init
    dac.o(.text) refers to dflt_clz.o(x$fpl$dfltu) for __aeabi_ui2d
    dac.o(.text) refers to ddiv.o(x$fpl$ddiv) for __aeabi_ddiv
    dac.o(.text) refers to dmul.o(x$fpl$dmul) for __aeabi_dmul
    dac.o(.text) refers to dfixu.o(x$fpl$dfixu) for __aeabi_d2uiz
    encoder.o(.text) refers to stm32f4xx_rcc.o(.text) for RCC_APB1PeriphClockCmd
    encoder.o(.text) refers to stm32f4xx_gpio.o(.text) for GPIO_PinAFConfig
    encoder.o(.text) refers to misc.o(.text) for NVIC_Init
    encoder.o(.text) refers to stm32f4xx_tim.o(.text) for TIM_TimeBaseInit
    encoder.o(.text) refers to dflt_clz.o(x$fpl$dfltu) for __aeabi_ui2d
    encoder.o(.text) refers to daddsub_clz.o(x$fpl$dadd) for __aeabi_dadd
    encoder.o(.text) refers to daddsub_clz.o(x$fpl$dsub) for __aeabi_dsub
    encoder.o(.text) refers to dfixu.o(x$fpl$dfixu) for __aeabi_d2uiz
    encoder.o(.text) refers to f2d.o(x$fpl$f2d) for __aeabi_f2d
    encoder.o(.text) refers to ddiv.o(x$fpl$ddiv) for __aeabi_ddiv
    encoder.o(.text) refers to d2f.o(x$fpl$d2f) for __aeabi_d2f
    encoder.o(.text) refers to encoder.o(.data) for count_now
    gpio.o(.text) refers to stm32f4xx_rcc.o(.text) for RCC_AHB1PeriphClockCmd
    gpio.o(.text) refers to stm32f4xx_gpio.o(.text) for GPIO_Init
    gpio.o(.text) refers to stm32f4xx_syscfg.o(.text) for SYSCFG_EXTILineConfig
    gpio.o(.text) refers to stm32f4xx_exti.o(.text) for EXTI_Init
    gpio.o(.text) refers to misc.o(.text) for NVIC_Init
    led.o(.text) refers to stm32f4xx_rcc.o(.text) for RCC_AHB1PeriphClockCmd
    led.o(.text) refers to stm32f4xx_gpio.o(.text) for GPIO_Init
    mechanical_data.o(.text) refers to mechanical_data.o(.data) for deceleration_ratio
    motor.o(.text) refers to stm32f4xx_tim.o(.text) for TIM_SetCompare3
    motor.o(.text) refers to pwm.o(.text) for TIM5CH3_PWM_Init
    motor.o(.text) refers to gpio.o(.text) for Gpio_Init
    motor_control.o(.text) refers to motor_control.o(.bss) for pid
    motor_control.o(.text) refers to encoder.o(.data) for motor_speed
    pwm.o(.text) refers to stm32f4xx_rcc.o(.text) for RCC_APB1PeriphClockCmd
    pwm.o(.text) refers to stm32f4xx_gpio.o(.text) for GPIO_PinAFConfig
    pwm.o(.text) refers to stm32f4xx_tim.o(.text) for TIM_TimeBaseInit
[...]
    SYSCFG_DeInit                            0x0800222d   Thumb Code    22  stm32f4xx_syscfg.o(.text)
    SYSCFG_MemoryRemapConfig                 0x08002243   Thumb Code     6  stm32f4xx_syscfg.o(.text)
    SYSCFG_MemorySwappingBank                0x08002249   Thumb Code     6  stm32f4xx_syscfg.o(.text)
    SYSCFG_EXTILineConfig                    0x0800224f   Thumb Code    66  stm32f4xx_syscfg.o(.text)
    SYSCFG_ETH_MediaInterfaceConfig          0x08002291   Thumb Code     8  stm32f4xx_syscfg.o(.text)
    SYSCFG_CompensationCellCmd               0x08002299   Thumb Code     6  stm32f4xx_syscfg.o(.text)
    SYSCFG_GetCompensationCellStatus         0x0800229f   Thumb Code    22  stm32f4xx_syscfg.o(.text)
    USART_DeInit                             0x080022c1   Thumb Code   206  stm32f4xx_usart.o(.text)
    USART_Init                               0x0800238f   Thumb Code   204  stm32f4xx_usart.o(.text)
    USART_StructInit                         0x0800245b   Thumb Code    24  stm32f4xx_usart.o(.text)
    USART_ClockInit                          0x08002473   Thumb Code    32  stm32f4xx_usart.o(.text)
    USART_ClockStructInit                    0x08002493   Thumb Code    12  stm32f4xx_usart.o(.text)
    USART_Cmd                                0x0800249f   Thumb Code    24  stm32f4xx_usart.o(.text)
    USART_SetPrescaler                       0x080024b7   Thumb Code    16  stm32f4xx_usart.o(.text)
    USART_OverSampling8Cmd                   0x080024c7   Thumb Code    22  stm32f4xx_usart.o(.text)
    USART_OneBitMethodCmd                    0x080024dd   Thumb Code    24  stm32f4xx_usart.o(.text)
    USART_SendData                           0x080024f5   Thumb Code     8  stm32f4xx_usart.o(.text)
    USART_ReceiveData                        0x080024fd   Thumb Code    10  stm32f4xx_usart.o(.text)
    USART_SetAddress                         0x08002507   Thumb Code    18  stm32f4xx_usart.o(.text)
    USART_ReceiverWakeUpCmd                  0x08002519   Thumb Code    24  stm32f4xx_usart.o(.text)
    USART_WakeUpConfig                       0x08002531   Thumb Code    18  stm32f4xx_usart.o(.text)
    USART_LINBreakDetectLengthConfig         0x08002543   Thumb Code    18  stm32f4xx_usart.o(.text)
    USART_LINCmd                             0x08002555   Thumb Code    24  stm32f4xx_usart.o(.text)
    USART_SendBreak                          0x0800256d   Thumb Code    10  stm32f4xx_usart.o(.text)
    USART_HalfDuplexCmd                      0x08002577   Thumb Code    24  stm32f4xx_usart.o(.text)
    USART_SetGuardTime                       0x0800258f   Thumb Code    16  stm32f4xx_usart.o(.text)
    USART_SmartCardCmd                       0x0800259f   Thumb Code    24  stm32f4xx_usart.o(.text)
    USART_SmartCardNACKCmd                   0x080025b7   Thumb Code    24  stm32f4xx_usart.o(.text)
    USART_IrDAConfig                         0x080025cf   Thumb Code    18  stm32f4xx_usart.o(.text)
    USART_IrDACmd                            0x080025e1   Thumb Code    24  stm32f4xx_usart.o(.text)
    USART_DMACmd                             0x080025f9   Thumb Code    18  stm32f4xx_usart.o(.text)
    USART_ITConfig                           0x0800260b   Thumb Code    74  stm32f4xx_usart.o(.text)
    USART_GetFlagStatus                      0x08002655   Thumb Code    26  stm32f4xx_usart.o(.text)
    USART_ClearFlag                          0x0800266f   Thumb Code    18  stm32f4xx_usart.o(.text)
    USART_GetITStatus                        0x08002681   Thumb Code   118  stm32f4xx_usart.o(.text)
    USART_ClearITPendingBit                  0x080026f7   Thumb Code    30  stm32f4xx_usart.o(.text)
    DMA_DeInit                               0x08002715   Thumb Code   324  stm32f4xx_dma.o(.text)
    DMA_Init                                 0x08002859   Thumb Code    82  stm32f4xx_dma.o(.text)
    DMA_StructInit                           0x080028ab   Thumb Code    34  stm32f4xx_dma.o(.text)
    DMA_Cmd                                  0x080028cd   Thumb Code    22  stm32f4xx_dma.o(.text)
    DMA_PeriphIncOffsetSizeConfig            0x080028e3   Thumb Code    22  stm32f4xx_dma.o(.text)
    DMA_FlowControllerConfig                 0x080028f9   Thumb Code    22  stm32f4xx_dma.o(.text)
    DMA_SetCurrDataCounter                   0x0800290f   Thumb Code     4  stm32f4xx_dma.o(.text)
    DMA_GetCurrDataCounter                   0x08002913   Thumb Code     8  stm32f4xx_dma.o(.text)
    DMA_DoubleBufferModeConfig               0x0800291b   Thumb Code    24  stm32f4xx_dma.o(.text)
    DMA_DoubleBufferModeCmd                  0x08002933   Thumb Code    22  stm32f4xx_dma.o(.text)
    DMA_MemoryTargetConfig                   0x08002949   Thumb Code    10  stm32f4xx_dma.o(.text)
    DMA_GetCurrentMemoryTarget               0x08002953   Thumb Code    20  stm32f4xx_dma.o(.text)
    DMA_GetCmdStatus                         0x08002967   Thumb Code    20  stm32f4xx_dma.o(.text)
    DMA_GetFIFOStatus                        0x0800297b   Thumb Code    12  stm32f4xx_dma.o(.text)
    DMA_GetFlagStatus                        0x08002987   Thumb Code    56  stm32f4xx_dma.o(.text)
    DMA_ClearFlag                            0x080029bf   Thumb Code    40  stm32f4xx_dma.o(.text)
    DMA_ITConfig                             0x080029e7   Thumb Code    58  stm32f4xx_dma.o(.text)
    DMA_GetITStatus                          0x08002a21   Thumb Code    84  stm32f4xx_dma.o(.text)
    DMA_ClearITPendingBit                    0x08002a75   Thumb Code    40  stm32f4xx_dma.o(.text)
    EXTI_DeInit                              0x08002abd   Thumb Code    28  stm32f4xx_exti.o(.text)
    EXTI_Init                                0x08002ad9   Thumb Code   142  stm32f4xx_exti.o(.text)
    EXTI_StructInit                          0x08002b67   Thumb Code    16  stm32f4xx_exti.o(.text)
    EXTI_GenerateSWInterrupt                 0x08002b77   Thumb Code    16  stm32f4xx_exti.o(.text)
    EXTI_GetFlagStatus                       0x08002b87   Thumb Code    22  stm32f4xx_exti.o(.text)
    EXTI_ClearFlag                           0x08002b9d   Thumb Code     8  stm32f4xx_exti.o(.text)
    EXTI_GetITStatus                         0x08002ba5   Thumb Code    22  stm32f4xx_exti.o(.text)
    EXTI_ClearITPendingBit                   0x08002bbb   Thumb Code     8  stm32f4xx_exti.o(.text)
    TIM_DeInit                               0x08002bcd   Thumb Code   346  stm32f4xx_tim.o(.text)
    TIM_TimeBaseInit                         0x08002d27   Thumb Code   104  stm32f4xx_tim.o(.text)
    TIM_TimeBaseStructInit                   0x08002d8f   Thumb Code    18  stm32f4xx_tim.o(.text)
    TIM_PrescalerConfig                      0x08002da1   Thumb Code     6  stm32f4xx_tim.o(.text)
    TIM_CounterModeConfig                    0x08002da7   Thumb Code    18  stm32f4xx_tim.o(.text)
    TIM_SetCounter                           0x08002db9   Thumb Code     4  stm32f4xx_tim.o(.text)
    TIM_SetAutoreload                        0x08002dbd   Thumb Code     4  stm32f4xx_tim.o(.text)
    TIM_GetCounter                           0x08002dc1   Thumb Code     6  stm32f4xx_tim.o(.text)
    TIM_GetPrescaler                         0x08002dc7   Thumb Code     6  stm32f4xx_tim.o(.text)
    TIM_UpdateDisableConfig                  0x08002dcd   Thumb Code    24  stm32f4xx_tim.o(.text)
    TIM_UpdateRequestConfig                  0x08002de5   Thumb Code    24  stm32f4xx_tim.o(.text)
    TIM_ARRPreloadConfig                     0x08002dfd   Thumb Code    24  stm32f4xx_tim.o(.text)
    TIM_SelectOnePulseMode                   0x08002e15   Thumb Code    18  stm32f4xx_tim.o(.text)
    TIM_SetClockDivision                     0x08002e27   Thumb Code    18  stm32f4xx_tim.o(.text)
    TIM_Cmd                                  0x08002e39   Thumb Code    24  stm32f4xx_tim.o(.text)
    TIM_OC1Init                              0x08002e51   Thumb Code   114  stm32f4xx_tim.o(.text)
    TIM_OC2Init                              0x08002ec3   Thumb Code   154  stm32f4xx_tim.o(.text)
    TIM_OC3Init                              0x08002f5d   Thumb Code   204  stm32f4xx_tim.o(.text)
    TIM_OC4Init                              0x08003029   Thumb Code   112  stm32f4xx_tim.o(.text)
    TIM_OCStructInit                         0x08003099   Thumb Code    20  stm32f4xx_tim.o(.text)
    TIM_SelectOCxM                           0x080030ad   Thumb Code    86  stm32f4xx_tim.o(.text)
    TIM_SetCompare1                          0x08003103   Thumb Code     4  stm32f4xx_tim.o(.text)
    TIM_SetCompare2                          0x08003107   Thumb Code     4  stm32f4xx_tim.o(.text)
    TIM_SetCompare3                          0x0800310b   Thumb Code     4  stm32f4xx_tim.o(.text)
    TIM_SetCompare4                          0x0800310f   Thumb Code     4  stm32f4xx_tim.o(.text)
    TIM_ForcedOC1Config                      0x08003113   Thumb Code    18  stm32f4xx_tim.o(.text)
    TIM_ForcedOC2Config                      0x08003125   Thumb Code    26  stm32f4xx_tim.o(.text)
    TIM_ForcedOC3Config                      0x0800313f   Thumb Code    18  stm32f4xx_tim.o(.text)
    TIM_ForcedOC4Config                      0x08003151   Thumb Code    26  stm32f4xx_tim.o(.text)
    TIM_OC1PreloadConfig                     0x0800316b   Thumb Code    18  stm32f4xx_tim.o(.text)
    TIM_OC2PreloadConfig                     0x0800317d   Thumb Code    26  stm32f4xx_tim.o(.text)
    TIM_OC3PreloadConfig                     0x08003197   Thumb Code    18  stm32f4xx_tim.o(.text)
    TIM_OC4PreloadConfig                     0x080031a9   Thumb Code    26  stm32f4xx_tim.o(.text)
    TIM_OC1FastConfig                        0x080031c3   Thumb Code    18  stm32f4xx_tim.o(.text)
    TIM_OC2FastConfig                        0x080031d5   Thumb Code    26  stm32f4xx_tim.o(.text)
    TIM_OC3FastConfig                        0x080031ef   Thumb Code    18  stm32f4xx_tim.o(.text)
    TIM_OC4FastConfig                        0x08003201   Thumb Code    26  stm32f4xx_tim.o(.text)
    TIM_ClearOC1Ref                          0x0800321b   Thumb Code    18  stm32f4xx_tim.o(.text)
    TIM_ClearOC2Ref                          0x0800322d   Thumb Code    24  stm32f4xx_tim.o(.text)
    TIM_ClearOC3Ref                          0x08003245   Thumb Code    18  stm32f4xx_tim.o(.text)
    TIM_ClearOC4Ref                          0x08003257   Thumb Code    24  stm32f4xx_tim.o(.text)
    TIM_OC1PolarityConfig                    0x0800326f   Thumb Code    18  stm32f4xx_tim.o(.text)
    TIM_OC1NPolarityConfig                   0x08003281   Thumb Code    18  stm32f4xx_tim.o(.text)
    TIM_OC2PolarityConfig                    0x08003293   Thumb Code    26  stm32f4xx_tim.o(.text)
    TIM_OC2NPolarityConfig                   0x080032ad   Thumb Code    26  stm32f4xx_tim.o(.text)
    TIM_OC3PolarityConfig                    0x080032c7   Thumb Code    26  stm32f4xx_tim.o(.text)
    TIM_OC3NPolarityConfig                   0x080032e1   Thumb Code    26  stm32f4xx_tim.o(.text)
    TIM_OC4PolarityConfig                    0x080032fb   Thumb Code    26  stm32f4xx_tim.o(.text)
    TIM_CCxCmd                               0x08003315   Thumb Code    30  stm32f4xx_tim.o(.text)
    TIM_CCxNCmd                              0x08003333   Thumb Code    30  stm32f4xx_tim.o(.text)
    TIM_SetIC4Prescaler                      0x08003351   Thumb Code    26  stm32f4xx_tim.o(.text)
    TIM_SetIC3Prescaler                      0x080033bb   Thumb Code    18  stm32f4xx_tim.o(.text)
    TIM_SetIC2Prescaler                      0x08003415   Thumb Code    26  stm32f4xx_tim.o(.text)
    TIM_SetIC1Prescaler                      0x08003489   Thumb Code    18  stm32f4xx_tim.o(.text)
    TIM_ICInit                               0x080034d5   Thumb Code   110  stm32f4xx_tim.o(.text)
    TIM_ICStructInit                         0x08003543   Thumb Code    18  stm32f4xx_tim.o(.text)
    TIM_PWMIConfig                           0x08003555   Thumb Code   124  stm32f4xx_tim.o(.text)
    TIM_GetCapture1                          0x080035d1   Thumb Code     6  stm32f4xx_tim.o(.text)
    TIM_GetCapture2                          0x080035d7   Thumb Code     6  stm32f4xx_tim.o(.text)
    TIM_GetCapture3                          0x080035dd   Thumb Code     6  stm32f4xx_tim.o(.text)
    TIM_GetCapture4                          0x080035e3   Thumb Code     6  stm32f4xx_tim.o(.text)
    TIM_BDTRConfig                           0x080035e9   Thumb Code    32  stm32f4xx_tim.o(.text)
    TIM_BDTRStructInit                       0x08003609   Thumb Code    18  stm32f4xx_tim.o(.text)
    TIM_CtrlPWMOutputs                       0x0800361b   Thumb Code    30  stm32f4xx_tim.o(.text)
    TIM_SelectCOM                            0x08003639   Thumb Code    24  stm32f4xx_tim.o(.text)
    TIM_CCPreloadControl                     0x08003651   Thumb Code    24  stm32f4xx_tim.o(.text)
    TIM_ITConfig                             0x08003669   Thumb Code    18  stm32f4xx_tim.o(.text)
    TIM_GenerateEvent                        0x0800367b   Thumb Code     4  stm32f4xx_tim.o(.text)
    TIM_GetFlagStatus                        0x0800367f   Thumb Code    18  stm32f4xx_tim.o(.text)
    TIM_ClearFlag                            0x08003691   Thumb Code     6  stm32f4xx_tim.o(.text)
    TIM_GetITStatus                          0x08003697   Thumb Code    34  stm32f4xx_tim.o(.text)
    TIM_ClearITPendingBit                    0x080036b9   Thumb Code     6  stm32f4xx_tim.o(.text)
    TIM_DMAConfig                            0x080036bf   Thumb Code    10  stm32f4xx_tim.o(.text)
    TIM_DMACmd                               0x080036c9   Thumb Code    18  stm32f4xx_tim.o(.text)
    TIM_SelectCCDMA                          0x080036db   Thumb Code    24  stm32f4xx_tim.o(.text)
    TIM_InternalClockConfig                  0x080036f3   Thumb Code    12  stm32f4xx_tim.o(.text)
    TIM_SelectInputTrigger                   0x080036ff   Thumb Code    18  stm32f4xx_tim.o(.text)
    TIM_ITRxExternalClockConfig              0x08003711   Thumb Code    24  stm32f4xx_tim.o(.text)
    TIM_TIxExternalClockConfig               0x08003729   Thumb Code    62  stm32f4xx_tim.o(.text)
    TIM_ETRConfig                            0x08003767   Thumb Code    28  stm32f4xx_tim.o(.text)
    TIM_ETRClockMode1Config                  0x08003783   Thumb Code    54  stm32f4xx_tim.o(.text)
    TIM_ETRClockMode2Config                  0x080037b9   Thumb Code    32  stm32f4xx_tim.o(.text)
    TIM_SelectOutputTrigger                  0x080037d9   Thumb Code    18  stm32f4xx_tim.o(.text)
    TIM_SelectSlaveMode                      0x080037eb   Thumb Code    18  stm32f4xx_tim.o(.text)
    TIM_SelectMasterSlaveMode                0x080037fd   Thumb Code    18  stm32f4xx_tim.o(.text)
    TIM_EncoderInterfaceConfig               0x0800380f   Thumb Code    66  stm32f4xx_tim.o(.text)
    TIM_SelectHallSensor                     0x08003851   Thumb Code    24  stm32f4xx_tim.o(.text)
    TIM_RemapConfig                          0x08003869   Thumb Code     6  stm32f4xx_tim.o(.text)
    delay_osschedlock                        0x08003871   Thumb Code    10  delay.o(.text)
    delay_osschedunlock                      0x0800387b   Thumb Code    10  delay.o(.text)
    delay_ostimedly                          0x08003885   Thumb Code    16  delay.o(.text)
    SysTick_Handler                          0x08003895   Thumb Code    24  delay.o(.text)
    delay_init                               0x080038ad   Thumb Code    94  delay.o(.text)
    delay_us                                 0x0800390b   Thumb Code    84  delay.o(.text)
    delay_ms                                 0x0800395f   Thumb Code    66  delay.o(.text)
    BSP_CPU_ClkFreq                          0x080039b9   Thumb Code    14  bsp.o(.text)
    CPU_TS_TmrInit                           0x080039c7   Thumb Code    44  bsp.o(.text)
    CPU_TS_TmrRd                             0x080039f3   Thumb Code     6  bsp.o(.text)
    CPU_TS32_to_uSec                         0x080039f9   Thumb Code    54  bsp.o(.text)
    CPU_NameClr                              0x08003a3d   Thumb Code    42  cpu_core.o(.text)
    CPU_Init                                 0x08003a7d   Thumb Code    12  cpu_core.o(.text)
    CPU_SW_Exception                         0x08003a89   Thumb Code     4  cpu_core.o(.text)
    CPU_NameGet                              0x08003a8d   Thumb Code    70  cpu_core.o(.text)
    CPU_NameSet                              0x08003ad3   Thumb Code    96  cpu_core.o(.text)
    CPU_TS_Get32                             0x08003b33   Thumb Code    12  cpu_core.o(.text)
    CPU_TS_Update                            0x08003b3f   Thumb Code     2  cpu_core.o(.text)
    CPU_TS_TmrFreqGet                        0x08003b41   Thumb Code    30  cpu_core.o(.text)
    CPU_TS_TmrFreqSet                        0x08003b5f   Thumb Code     6  cpu_core.o(.text)
    CPU_CntLeadZeros08                       0x08003b65   Thumb Code    18  cpu_core.o(.text)
    CPU_CntLeadZeros16                       0x08003b77   Thumb Code    18  cpu_core.o(.text)
    CPU_CntLeadZeros32                       0x08003b89   Thumb Code    18  cpu_core.o(.text)
    CPU_CntLeadZeros64                       0x08003b9b   Thumb Code   188  cpu_core.o(.text)
    CPU_CntTrailZeros08                      0x08003c57   Thumb Code    22  cpu_core.o(.text)
    CPU_CntTrailZeros16                      0x08003c6d   Thumb Code    22  cpu_core.o(.text)
    CPU_CntTrailZeros32                      0x08003c83   Thumb Code    22  cpu_core.o(.text)
    CPU_CntTrailZeros64                      0x08003c99   Thumb Code    62  cpu_core.o(.text)
    CPU_IntDis                               0x08003ce5   Thumb Code     0  cpu_a.o(.text)
    CPU_IntEn                                0x08003ce9   Thumb Code     0  cpu_a.o(.text)
    CPU_SR_Save                              0x08003ced   Thumb Code     0  cpu_a.o(.text)
    CPU_SR_Restore                           0x08003cf5   Thumb Code     0  cpu_a.o(.text)
    CPU_WaitForInt                           0x08003cfb   Thumb Code     0  cpu_a.o(.text)
    CPU_WaitForExcept                        0x08003cff   Thumb Code     0  cpu_a.o(.text)
    CPU_CntLeadZeros                         0x08003d03   Thumb Code     0  cpu_a.o(.text)
    CPU_CntTrailZeros                        0x08003d09   Thumb Code     0  cpu_a.o(.text)
    CPU_RevBits                              0x08003d13   Thumb Code     0  cpu_a.o(.text)
    ASCII_IsAlpha                            0x08003d19   Thumb Code    48  lib_ascii.o(.text)
    ASCII_IsAlphaNum                         0x08003d49   Thumb Code    76  lib_ascii.o(.text)
    ASCII_IsLower                            0x08003d95   Thumb Code    20  lib_ascii.o(.text)
    ASCII_IsUpper                            0x08003da9   Thumb Code    20  lib_ascii.o(.text)
    ASCII_IsDig                              0x08003dbd   Thumb Code    20  lib_ascii.o(.text)
    ASCII_IsDigOct                           0x08003dd1   Thumb Code    20  lib_ascii.o(.text)
    ASCII_IsDigHex                           0x08003de5   Thumb Code    36  lib_ascii.o(.text)
    ASCII_IsBlank                            0x08003e09   Thumb Code    20  lib_ascii.o(.text)
    ASCII_IsSpace                            0x08003e1d   Thumb Code    36  lib_ascii.o(.text)
    ASCII_IsPrint                            0x08003e41   Thumb Code    20  lib_ascii.o(.text)
    ASCII_IsGraph                            0x08003e55   Thumb Code    20  lib_ascii.o(.text)
    ASCII_IsPunct                            0x08003e69   Thumb Code   134  lib_ascii.o(.text)
    ASCII_IsCtrl                             0x08003eef   Thumb Code    26  lib_ascii.o(.text)
    ASCII_ToLower                            0x08003f09   Thumb Code    32  lib_ascii.o(.text)
    ASCII_ToUpper                            0x08003f29   Thumb Code    32  lib_ascii.o(.text)
    ASCII_Cmp                                0x08003f49   Thumb Code    38  lib_ascii.o(.text)
    Mem_Init                                 0x08003f71   Thumb Code    54  lib_mem.o(.text)
    Mem_Set                                  0x08003fa7   Thumb Code    84  lib_mem.o(.text)
    Mem_Clr                                  0x08003ffb   Thumb Code    18  lib_mem.o(.text)
    Mem_Move                                 0x0800400d   Thumb Code   186  lib_mem.o(.text)
    Mem_Cmp                                  0x080040c7   Thumb Code   192  lib_mem.o(.text)
    Mem_HeapAlloc                            0x080041ff   Thumb Code   168  lib_mem.o(.text)
    Mem_SegGetSizeRem                        0x080042a7   Thumb Code   108  lib_mem.o(.text)
    Mem_HeapGetSizeRem                       0x08004313   Thumb Code    22  lib_mem.o(.text)
    Mem_PoolClr                              0x08004329   Thumb Code    80  lib_mem.o(.text)
    Mem_PoolCreate                           0x08004379   Thumb Code   838  lib_mem.o(.text)
    Mem_PoolBlkGetNbrAvail                   0x080046bf   Thumb Code    52  lib_mem.o(.text)
    Mem_PoolBlkGet                           0x080046f3   Thumb Code   126  lib_mem.o(.text)
    Mem_PoolBlkGetUsedAtIx                   0x08004771   Thumb Code   140  lib_mem.o(.text)
    Mem_PoolBlkFree                          0x080047fd   Thumb Code   152  lib_mem.o(.text)
    Mem_PoolBlkIxGet                         0x08004895   Thumb Code   162  lib_mem.o(.text)
    Str_Len_N                                0x08004939   Thumb Code    28  lib_str.o(.text)
    Str_Len                                  0x08004955   Thumb Code    20  lib_str.o(.text)
    Str_Copy_N                               0x08004969   Thumb Code    70  lib_str.o(.text)
    Str_Copy                                 0x080049af   Thumb Code    24  lib_str.o(.text)
    Str_Cat_N                                0x080049c7   Thumb Code    90  lib_str.o(.text)
    Str_Cat                                  0x08004a21   Thumb Code    24  lib_str.o(.text)
    Str_Cmp_N                                0x08004a39   Thumb Code   156  lib_str.o(.text)
    Str_Cmp                                  0x08004ad5   Thumb Code    24  lib_str.o(.text)
    Str_CmpIgnoreCase_N                      0x08004aed   Thumb Code   264  lib_str.o(.text)
    Str_CmpIgnoreCase                        0x08004bf5   Thumb Code    24  lib_str.o(.text)
    Str_Char_N                               0x08004c0d   Thumb Code    74  lib_str.o(.text)
    Str_Char                                 0x08004c57   Thumb Code    24  lib_str.o(.text)
    Str_Char_Last_N                          0x08004c6f   Thumb Code    76  lib_str.o(.text)
    Str_Char_Last                            0x08004cbb   Thumb Code    24  lib_str.o(.text)
    Str_Char_Replace_N                       0x08004cd3   Thumb Code    52  lib_str.o(.text)
    Str_Char_Replace                         0x08004d07   Thumb Code    28  lib_str.o(.text)
    Str_Str_N                                0x08004d23   Thumb Code   182  lib_str.o(.text)
    Str_Str                                  0x08004dd9   Thumb Code    24  lib_str.o(.text)
    Str_FmtNbr_Int32U                        0x08004fcd   Thumb Code    46  lib_str.o(.text)
    Str_FmtNbr_Int32S                        0x08004ffb   Thumb Code    62  lib_str.o(.text)
    Str_ParseNbr_Int32U                      0x080051f7   Thumb Code    30  lib_str.o(.text)
    Str_ParseNbr_Int32S                      0x08005215   Thumb Code    74  lib_str.o(.text)
    Mem_Copy                                 0x08005265   Thumb Code     0  lib_mem_a.o(.text)
    OSCfg_Init                               0x08005485   Thumb Code    86  os_cfg_app.o(.text)
    OS_IdleTask                              0x08005581   Thumb Code    60  os_core.o(.text)
    OS_IdleTaskInit                          0x080055bd   Thumb Code    68  os_core.o(.text)
    OS_RdyListInit                           0x08005601   Thumb Code    32  os_core.o(.text)
    OSInit                                   0x08005621   Thumb Code   300  os_core.o(.text)
    OSIntEnter                               0x0800574d   Thumb Code    34  os_core.o(.text)
    OSIntExit                                0x0800576f   Thumb Code   188  os_core.o(.text)
    OSSched                                  0x0800582b   Thumb Code   130  os_core.o(.text)
    OS_SchedLockTimeMeasStart                0x080058ad   Thumb Code    20  os_core.o(.text)
    OSSchedLock                              0x080058c1   Thumb Code   104  os_core.o(.text)
    OS_SchedLockTimeMeasStop                 0x08005929   Thumb Code    44  os_core.o(.text)
    OSSchedUnlock                            0x08005955   Thumb Code   286  os_core.o(.text)
    OSSchedRoundRobinCfg                     0x08005a73   Thumb Code    88  os_core.o(.text)
    OS_RdyListMoveHeadToTail                 0x08005acb   Thumb Code    68  os_core.o(.text)
    OSSchedRoundRobinYield                   0x08005b0f   Thumb Code   164  os_core.o(.text)
    OSStart                                  0x08005bb3   Thumb Code    78  os_core.o(.text)
    OSVersion                                0x08005c01   Thumb Code    12  os_core.o(.text)
    OS_PendDbgNameAdd                        0x08005c0d   Thumb Code    66  os_core.o(.text)
    OS_PendListInsertPrio                    0x08005c4f   Thumb Code   102  os_core.o(.text)
    OS_PendDataInit                          0x08005cb5   Thumb Code    38  os_core.o(.text)
    OS_RdyListRemove                         0x08005cdb   Thumb Code    86  os_core.o(.text)
    OS_TaskBlock                             0x08005d31   Thumb Code    56  os_core.o(.text)
    OS_Pend                                  0x08005d69   Thumb Code    98  os_core.o(.text)
    OS_PendListRemove1                       0x08005dcb   Thumb Code   136  os_core.o(.text)
    OS_PendListRemove                        0x08005e53   Thumb Code    48  os_core.o(.text)
    OS_PendAbort1                            0x08005e83   Thumb Code    36  os_core.o(.text)
    OS_RdyListInsertHead                     0x08005ea7   Thumb Code    58  os_core.o(.text)
    OS_RdyListInsertTail                     0x08005ee1   Thumb Code    56  os_core.o(.text)
    OS_RdyListInsert                         0x08005f19   Thumb Code    40  os_core.o(.text)
    OS_TaskRdy                               0x08005f41   Thumb Code    28  os_core.o(.text)
    OS_PendAbort                             0x08005f5d   Thumb Code   166  os_core.o(.text)
    OS_PendDbgNameRemove                     0x08006003   Thumb Code    34  os_core.o(.text)
    OS_PendListChangePrio                    0x08006025   Thumb Code    70  os_core.o(.text)
    OS_PendListInit                          0x0800606b   Thumb Code    10  os_core.o(.text)
    OS_PendListInsertHead                    0x08006075   Thumb Code    32  os_core.o(.text)
    OS_PendObjDel1                           0x08006095   Thumb Code    36  os_core.o(.text)
    OS_PendObjDel                            0x080060b9   Thumb Code   162  os_core.o(.text)
    OS_Post1                                 0x0800615b   Thumb Code    42  os_core.o(.text)
    OS_Post                                  0x08006185   Thumb Code   192  os_core.o(.text)
    OS_Sched0                                0x08006245   Thumb Code    68  os_core.o(.text)
    OS_SchedRoundRobin                       0x08006289   Thumb Code   218  os_core.o(.text)
    OS_Dbg_Init                              0x08006371   Thumb Code   146  os_dbg.o(.text)
    OS_FlagDbgListAdd                        0x08006521   Thumb Code    38  os_flag.o(.text)
    OSFlagCreate                             0x08006547   Thumb Code   172  os_flag.o(.text)
    OS_FlagClr                               0x080065f3   Thumb Code    28  os_flag.o(.text)
    OS_FlagDbgListRemove                     0x0800660f   Thumb Code    44  os_flag.o(.text)
    OSFlagDel                                0x0800663b   Thumb Code   594  os_flag.o(.text)
    OS_FlagBlock                             0x0800688d   Thumb Code    58  os_flag.o(.text)
    OSFlagPend                               0x080068c7   Thumb Code  1488  os_flag.o(.text)
    OSFlagPendAbort                          0x08006e97   Thumb Code   292  os_flag.o(.text)
    OSFlagPendGetFlagsRdy                    0x08006fbb   Thumb Code    68  os_flag.o(.text)
    OS_FlagTaskRdy                           0x08006fff   Thumb Code    86  os_flag.o(.text)
    OS_FlagPost                              0x08007055   Thumb Code   570  os_flag.o(.text)
    OSFlagPost                               0x0800728f   Thumb Code   146  os_flag.o(.text)
    OS_FlagInit                              0x08007321   Thumb Code    14  os_flag.o(.text)
    OS_IntQPost                              0x08007349   Thumb Code   216  os_int.o(.text)
    OS_IntQRePost                            0x08007421   Thumb Code   360  os_int.o(.text)
    OS_IntQTask                              0x08007589   Thumb Code   162  os_int.o(.text)
    OS_IntQTaskInit                          0x0800762b   Thumb Code   208  os_int.o(.text)
    OS_MemDbgListAdd                         0x0800778d   Thumb Code    34  os_mem.o(.text)
    OSMemCreate                              0x080077af   Thumb Code   288  os_mem.o(.text)
    OSMemGet                                 0x080078cf   Thumb Code   100  os_mem.o(.text)
    OSMemPut                                 0x08007933   Thumb Code   112  os_mem.o(.text)
    OS_MemInit                               0x080079a3   Thumb Code    14  os_mem.o(.text)
    OS_MsgPoolCreate                         0x080079c5   Thumb Code    54  os_msg.o(.text)
    OS_MsgPoolInit                           0x080079fb   Thumb Code    70  os_msg.o(.text)
    OS_MsgQFreeAll                           0x08007a41   Thumb Code    62  os_msg.o(.text)
    OS_MsgQInit                              0x08007a7f   Thumb Code    14  os_msg.o(.text)
    OS_MsgQGet                               0x08007a8d   Thumb Code    98  os_msg.o(.text)
    OS_MsgQPut                               0x08007aef   Thumb Code   246  os_msg.o(.text)
    OS_MutexDbgListAdd                       0x08007bf1   Thumb Code    38  os_mutex.o(.text)
    OSMutexCreate                            0x08007c17   Thumb Code   178  os_mutex.o(.text)
    OS_MutexClr                              0x08007cc9   Thumb Code    38  os_mutex.o(.text)
    OS_MutexDbgListRemove                    0x08007cef   Thumb Code    44  os_mutex.o(.text)
    OSMutexDel                               0x08007d1b   Thumb Code   842  os_mutex.o(.text)
    OSMutexPend                              0x08008065   Thumb Code   706  os_mutex.o(.text)
    OSMutexPendAbort                         0x08008327   Thumb Code   314  os_mutex.o(.text)
    OSMutexPost                              0x08008461   Thumb Code   564  os_mutex.o(.text)
    OS_MutexInit                             0x08008695   Thumb Code    14  os_mutex.o(.text)
    OS_PrioInit                              0x080086c5   Thumb Code    20  os_prio.o(.text)
    OS_PrioGetHighest                        0x080086d9   Thumb Code    36  os_prio.o(.text)
    OS_PrioInsert                            0x080086fd   Thumb Code    32  os_prio.o(.text)
    OS_PrioRemove                            0x0800871d   Thumb Code    32  os_prio.o(.text)
    OS_QDbgListAdd                           0x08008741   Thumb Code    38  os_q.o(.text)
    OSQCreate                                0x08008767   Thumb Code   186  os_q.o(.text)
    OS_QClr                                  0x08008821   Thumb Code    40  os_q.o(.text)
    OS_QDbgListRemove                        0x08008849   Thumb Code    44  os_q.o(.text)
    OSQDel                                   0x08008875   Thumb Code   362  os_q.o(.text)
    OSQFlush                                 0x080089df   Thumb Code   210  os_q.o(.text)
    OSQPend                                  0x08008ab1   Thumb Code   538  os_q.o(.text)
    OSQPendAbort                             0x08008ccb   Thumb Code   292  os_q.o(.text)
    OS_QPost                                 0x08008def   Thumb Code   324  os_q.o(.text)
    OSQPost                                  0x08008f33   Thumb Code   198  os_q.o(.text)
    OS_QInit                                 0x08008ff9   Thumb Code    14  os_q.o(.text)
    OS_SemDbgListAdd                         0x08009019   Thumb Code    38  os_sem.o(.text)
    OSSemCreate                              0x0800903f   Thumb Code   172  os_sem.o(.text)
    OS_SemClr                                0x080090eb   Thumb Code    28  os_sem.o(.text)
    OS_SemDbgListRemove                      0x08009107   Thumb Code    44  os_sem.o(.text)
    OSSemDel                                 0x08009133   Thumb Code   362  os_sem.o(.text)
    OSSemPend                                0x0800929d   Thumb Code   504  os_sem.o(.text)
    OSSemPendAbort                           0x08009495   Thumb Code   292  os_sem.o(.text)
    OS_SemPost                               0x080095b9   Thumb Code   350  os_sem.o(.text)
    OSSemPost                                0x08009717   Thumb Code   144  os_sem.o(.text)
    OSSemSet                                 0x080097a7   Thumb Code   138  os_sem.o(.text)
    OS_SemInit                               0x08009831   Thumb Code    14  os_sem.o(.text)
    OSStatReset                              0x08009849   Thumb Code   270  os_stat.o(.text)
    OSStatTaskCPUUsageInit                   0x08009957   Thumb Code   212  os_stat.o(.text)
    OS_StatTask                              0x08009a2b   Thumb Code   888  os_stat.o(.text)
    OS_StatTaskInit                          0x08009da3   Thumb Code   138  os_stat.o(.text)
    OSTaskChangePrio                         0x08009e81   Thumb Code   416  os_task.o(.text)
    OS_TaskDbgListAdd                        0x0800a021   Thumb Code    42  os_task.o(.text)
    OS_TaskInitTCB                           0x0800a04b   Thumb Code   186  os_task.o(.text)
    OSTaskCreate                             0x0800a105   Thumb Code   616  os_task.o(.text)
    OS_TaskDbgListRemove                     0x0800a36d   Thumb Code    64  os_task.o(.text)
    OSTaskDel                                0x0800a3ad   Thumb Code   424  os_task.o(.text)
    OSTaskQFlush                             0x0800a555   Thumb Code   214  os_task.o(.text)
    OSTaskQPend                              0x0800a62b   Thumb Code   554  os_task.o(.text)
    OSTaskQPendAbort                         0x0800a855   Thumb Code   242  os_task.o(.text)
    OS_TaskQPost                             0x0800a947   Thumb Code   526  os_task.o(.text)
    OSTaskQPost                              0x0800ab55   Thumb Code   114  os_task.o(.text)
    OSTaskRegGet                             0x0800abc7   Thumb Code    78  os_task.o(.text)
    OSTaskRegGetID                           0x0800ac15   Thumb Code    84  os_task.o(.text)
    OSTaskRegSet                             0x0800ac69   Thumb Code    78  os_task.o(.text)
    OS_TaskResume                            0x0800acb7   Thumb Code   314  os_task.o(.text)
    OSTaskResume                             0x0800adf1   Thumb Code   112  os_task.o(.text)
    OSTaskSemPend                            0x0800ae61   Thumb Code   550  os_task.o(.text)
    OSTaskSemPendAbort                       0x0800b087   Thumb Code   270  os_task.o(.text)
    OS_TaskSemPost                           0x0800b195   Thumb Code  1224  os_task.o(.text)
    OSTaskSemPost                            0x0800b65d   Thumb Code    98  os_task.o(.text)
    OSTaskSemSet                             0x0800b6bf   Thumb Code    80  os_task.o(.text)
    OSTaskStkChk                             0x0800b70f   Thumb Code   224  os_task.o(.text)
    OS_TaskSuspend                           0x0800b7ef   Thumb Code   328  os_task.o(.text)
    OSTaskSuspend                            0x0800b937   Thumb Code    78  os_task.o(.text)
    OSTaskTimeQuantaSet                      0x0800b985   Thumb Code    96  os_task.o(.text)
    OS_TaskInit                              0x0800b9e5   Thumb Code    18  os_task.o(.text)
    OS_TaskReturn                            0x0800b9f7   Thumb Code    20  os_task.o(.text)
    OS_TickListRemove                        0x0800ba35   Thumb Code    56  os_tick.o(.text)
    OS_TickListUpdate                        0x0800ba6d   Thumb Code   480  os_tick.o(.text)
    OS_TickTask                              0x0800bc4d   Thumb Code    38  os_tick.o(.text)
    OS_TickListInit                          0x0800bc73   Thumb Code    32  os_tick.o(.text)
    OS_TickTaskInit                          0x0800bc93   Thumb Code   130  os_tick.o(.text)
    OS_TickListInsert                        0x0800bd15   Thumb Code   502  os_tick.o(.text)
    OS_TickListResetPeak                     0x0800bf0b   Thumb Code    28  os_tick.o(.text)
    OSTimeDly                                0x0800bf31   Thumb Code   266  os_time.o(.text)
    OSTimeDlyHMSM                            0x0800c03b   Thumb Code   480  os_time.o(.text)
    OSTimeDlyResume                          0x0800c21b   Thumb Code   466  os_time.o(.text)
    OSTimeGet                                0x0800c3ed   Thumb Code    46  os_time.o(.text)
    OSTimeSet                                0x0800c41b   Thumb Code    46  os_time.o(.text)
    OSTimeTick                               0x0800c449   Thumb Code    54  os_time.o(.text)
    OS_TmrDbgListAdd                         0x0800c495   Thumb Code    34  os_tmr.o(.text)
    OSTmrCreate                              0x0800c4b7   Thumb Code   248  os_tmr.o(.text)
    OS_TmrClr                                0x0800c5af   Thumb Code    36  os_tmr.o(.text)
    OS_TmrUnlink                             0x0800c5d3   Thumb Code    72  os_tmr.o(.text)
    OS_TmrDbgListRemove                      0x0800c61b   Thumb Code    44  os_tmr.o(.text)
    OSTmrDel                                 0x0800c647   Thumb Code   176  os_tmr.o(.text)
    OSTmrRemainGet                           0x0800c6f7   Thumb Code   184  os_tmr.o(.text)
    OS_TmrLink                               0x0800c7af   Thumb Code   196  os_tmr.o(.text)
    OSTmrStart                               0x0800c873   Thumb Code   210  os_tmr.o(.text)
    OSTmrStateGet                            0x0800c945   Thumb Code   134  os_tmr.o(.text)
    OSTmrStop                                0x0800c9cb   Thumb Code   232  os_tmr.o(.text)
    OS_TmrTask                               0x0800cab3   Thumb Code   176  os_tmr.o(.text)
    OS_TmrInit                               0x0800cb63   Thumb Code   208  os_tmr.o(.text)
    OS_TmrResetPeak                          0x0800cc33   Thumb Code    28  os_tmr.o(.text)
    OSIdleTaskHook                           0x0800ccad   Thumb Code    16  os_cpu_c.o(.text)
    OSInitHook                               0x0800ccbd   Thumb Code    28  os_cpu_c.o(.text)
    OSStatTaskHook                           0x0800ccd9   Thumb Code    16  os_cpu_c.o(.text)
    OSTaskCreateHook                         0x0800cce9   Thumb Code    20  os_cpu_c.o(.text)
    OSTaskDelHook                            0x0800ccfd   Thumb Code    20  os_cpu_c.o(.text)
    OSTaskReturnHook                         0x0800cd11   Thumb Code    20  os_cpu_c.o(.text)
    OSTaskStkInit                            0x0800cd25   Thumb Code   600  os_cpu_c.o(.text)
    OSTaskSwHook                             0x0800cf7d   Thumb Code   120  os_cpu_c.o(.text)
    OSTimeTickHook                           0x0800cff5   Thumb Code    16  os_cpu_c.o(.text)
    OS_CPU_SysTickHandler                    0x0800d005   Thumb Code    52  os_cpu_c.o(.text)
    OS_CPU_SysTickInit                       0x0800d039   Thumb Code    44  os_cpu_c.o(.text)
    ProbeScope_Init                          0x0800d0a5   Thumb Code   158  probe_scope.o(.text)
    ProbeScope_Sampling                      0x0800d98f   Thumb Code    50  probe_scope.o(.text)
    __aeabi_uldivmod                         0x0800d9dd   Thumb Code     0  lludivv7m.o(.text)
    _ll_udiv                                 0x0800d9dd   Thumb Code   238  lludivv7m.o(.text)
    __aeabi_memcpy                           0x0800dacb   Thumb Code     0  rt_memcpy_v6.o(.text)
    __rt_memcpy                              0x0800dacb   Thumb Code   138  rt_memcpy_v6.o(.text)
    _memcpy_lastbytes                        0x0800db31   Thumb Code     0  rt_memcpy_v6.o(.text)
    __use_two_region_memory                  0x0800db55   Thumb Code     2  heapauxi.o(.text)
    __rt_heap_escrow$2region                 0x0800db57   Thumb Code     2  heapauxi.o(.text)
    __rt_heap_expand$2region                 0x0800db59   Thumb Code     2  heapauxi.o(.text)
    __aeabi_memcpy4                          0x0800db5b   Thumb Code     0  rt_memcpy_w.o(.text)
    __aeabi_memcpy8                          0x0800db5b   Thumb Code     0  rt_memcpy_w.o(.text)
    __rt_memcpy_w                            0x0800db5b   Thumb Code   100  rt_memcpy_w.o(.text)
    _memcpy_lastbytes_aligned                0x0800dba3   Thumb Code     0  rt_memcpy_w.o(.text)
    __user_setup_stackheap                   0x0800dbbf   Thumb Code    74  sys_stackheap_outer.o(.text)
    exit                                     0x0800dc09   Thumb Code    18  exit.o(.text)
    __user_libspace                          0x0800dc1d   Thumb Code     8  libspace.o(.text)
    __user_perproc_libspace                  0x0800dc1d   Thumb Code     0  libspace.o(.text)
    __user_perthread_libspace                0x0800dc1d   Thumb Code     0  libspace.o(.text)
    _sys_exit                                0x0800dc25   Thumb Code     8  sys_exit.o(.text)
    __I$use$semihosting                      0x0800dc31   Thumb Code     0  use_no_semi.o(.text)
    __use_no_semihosting_swi                 0x0800dc31   Thumb Code     2  use_no_semi.o(.text)
    __semihosting_library_function           0x0800dc33   Thumb Code     0  indicate_semi.o(.text)
    OSStartHighRdy                           0x0800dc35   Thumb Code     0  os_cpu_a.o(CODE)
    OSCtxSw                                  0x0800dc57   Thumb Code     0  os_cpu_a.o(CODE)
    OSIntCtxSw                               0x0800dc61   Thumb Code     0  os_cpu_a.o(CODE)
    PendSV_Handler                           0x0800dc6b   Thumb Code     0  os_cpu_a.o(CODE)
    __aeabi_d2f                              0x0800dce1   Thumb Code     0  d2f.o(x$fpl$d2f)
    _d2f                                     0x0800dce1   Thumb Code    98  d2f.o(x$fpl$d2f)
    __aeabi_dadd                             0x0800dd45   Thumb Code     0  daddsub_clz.o(x$fpl$dadd)
    _dadd                                    0x0800dd45   Thumb Code   332  daddsub_clz.o(x$fpl$dadd)
    __aeabi_ddiv                             0x0800de95   Thumb Code     0  ddiv.o(x$fpl$ddiv)
    _ddiv                                    0x0800de95   Thumb Code   552  ddiv.o(x$fpl$ddiv)
    __aeabi_d2uiz                            0x0800e145   Thumb Code     0  dfixu.o(x$fpl$dfixu)
    _dfixu                                   0x0800e145   Thumb Code    90  dfixu.o(x$fpl$dfixu)
    __aeabi_ui2d                             0x0800e19f   Thumb Code     0  dflt_clz.o(x$fpl$dfltu)
    _dfltu                                   0x0800e19f   Thumb Code    38  dflt_clz.o(x$fpl$dfltu)
    __fpl_dnaninf                            0x0800e1c5   Thumb Code   156  dnaninf.o(x$fpl$dnaninf)
    __fpl_dretinf                            0x0800e261   Thumb Code    12  dretinf.o(x$fpl$dretinf)
    __aeabi_dsub                             0x0800e26d   Thumb Code     0  daddsub_clz.o(x$fpl$dsub)
    _dsub                                    0x0800e26d   Thumb Code   464  daddsub_clz.o(x$fpl$dsub)
    __aeabi_f2d                              0x0800e441   Thumb Code     0  f2d.o(x$fpl$f2d)
    _f2d                                     0x0800e441   Thumb Code    86  f2d.o(x$fpl$f2d)
    __fpl_fnaninf                            0x0800e497   Thumb Code   140  fnaninf.o(x$fpl$fnaninf)
    _fp_init                                 0x0800e523   Thumb Code    10  fpinit.o(x$fpl$fpinit)
    __fplib_config_fpu_vfp                   0x0800e52b   Thumb Code     0  fpinit.o(x$fpl$fpinit)
    __fplib_config_pureend_doubles           0x0800e52b   Thumb Code     0  fpinit.o(x$fpl$fpinit)
    __fpl_fretinf                            0x0800e52d   Thumb Code    10  fretinf.o(x$fpl$fretinf)
    __I$use$fp                               0x0800e536   Number         0  usenofp.o(x$fpl$usenofp)
    CPU_EndiannessTest                       0x0800e638   Data           4  cpu_core.o(.constdata)
    OSCfg_IdleTaskStkBasePtr                 0x0800e6d0   Data           4  os_cfg_app.o(.constdata)
    OSCfg_IdleTaskStkLimit                   0x0800e6d4   Data           4  os_cfg_app.o(.constdata)
    OSCfg_IdleTaskStkSize                    0x0800e6d8   Data           4  os_cfg_app.o(.constdata)
    OSCfg_IdleTaskStkSizeRAM                 0x0800e6dc   Data           4  os_cfg_app.o(.constdata)
    OSCfg_IntQBasePtr                        0x0800e6e0   Data           4  os_cfg_app.o(.constdata)
    OSCfg_IntQSize                           0x0800e6e4   Data           2  os_cfg_app.o(.constdata)
    OSCfg_IntQSizeRAM                        0x0800e6e8   Data           4  os_cfg_app.o(.constdata)
    OSCfg_IntQTaskStkBasePtr                 0x0800e6ec   Data           4  os_cfg_app.o(.constdata)
    OSCfg_IntQTaskStkLimit                   0x0800e6f0   Data           4  os_cfg_app.o(.constdata)
    OSCfg_IntQTaskStkSize                    0x0800e6f4   Data           4  os_cfg_app.o(.constdata)
    OSCfg_IntQTaskStkSizeRAM                 0x0800e6f8   Data           4  os_cfg_app.o(.constdata)
    OSCfg_ISRStkBasePtr                      0x0800e6fc   Data           4  os_cfg_app.o(.constdata)
    OSCfg_ISRStkSize                         0x0800e700   Data           4  os_cfg_app.o(.constdata)
    OSCfg_ISRStkSizeRAM                      0x0800e704   Data           4  os_cfg_app.o(.constdata)
    OSCfg_MsgPoolSize                        0x0800e708   Data           2  os_cfg_app.o(.constdata)
    OSCfg_MsgPoolSizeRAM                     0x0800e70c   Data           4  os_cfg_app.o(.constdata)
    OSCfg_MsgPoolBasePtr                     0x0800e710   Data           4  os_cfg_app.o(.constdata)
    OSCfg_StatTaskPrio                       0x0800e714   Data           1  os_cfg_app.o(.constdata)
    OSCfg_StatTaskRate_Hz                    0x0800e718   Data           4  os_cfg_app.o(.constdata)
    OSCfg_StatTaskStkBasePtr                 0x0800e71c   Data           4  os_cfg_app.o(.constdata)
    OSCfg_StatTaskStkLimit                   0x0800e720   Data           4  os_cfg_app.o(.constdata)
    OSCfg_StatTaskStkSize                    0x0800e724   Data           4  os_cfg_app.o(.constdata)
    OSCfg_StatTaskStkSizeRAM                 0x0800e728   Data           4  os_cfg_app.o(.constdata)
    OSCfg_StkSizeMin                         0x0800e72c   Data           4  os_cfg_app.o(.constdata)
    OSCfg_TickRate_Hz                        0x0800e730   Data           4  os_cfg_app.o(.constdata)
    OSCfg_TickTaskPrio                       0x0800e734   Data           1  os_cfg_app.o(.constdata)
    OSCfg_TickTaskStkBasePtr                 0x0800e738   Data           4  os_cfg_app.o(.constdata)
    OSCfg_TickTaskStkLimit                   0x0800e73c   Data           4  os_cfg_app.o(.constdata)
    OSCfg_TickTaskStkSize                    0x0800e740   Data           4  os_cfg_app.o(.constdata)
    OSCfg_TickTaskStkSizeRAM                 0x0800e744   Data           4  os_cfg_app.o(.constdata)
    OSCfg_TickWheelSize                      0x0800e748   Data           2  os_cfg_app.o(.constdata)
    OSCfg_TickWheelSizeRAM                   0x0800e74c   Data           4  os_cfg_app.o(.constdata)
    OSCfg_TmrTaskPrio                        0x0800e750   Data           1  os_cfg_app.o(.constdata)
    OSCfg_TmrTaskRate_Hz                     0x0800e754   Data           4  os_cfg_app.o(.constdata)
    OSCfg_TmrTaskStkBasePtr                  0x0800e758   Data           4  os_cfg_app.o(.constdata)
    OSCfg_TmrTaskStkLimit                    0x0800e75c   Data           4  os_cfg_app.o(.constdata)
    OSCfg_TmrTaskStkSize                     0x0800e760   Data           4  os_cfg_app.o(.constdata)
    OSCfg_TmrTaskStkSizeRAM                  0x0800e764   Data           4  os_cfg_app.o(.constdata)
    OSCfg_TmrWheelSize                       0x0800e768   Data           2  os_cfg_app.o(.constdata)
    OSCfg_TmrWheelSizeRAM                    0x0800e76c   Data           4  os_cfg_app.o(.constdata)
    OSCfg_DataSizeRAM                        0x0800e770   Data           4  os_cfg_app.o(.constdata)
    OSDbg_DbgEn                              0x0800e774   Data           2  os_dbg.o(.constdata)
    OSDbg_ArgChkEn                           0x0800e776   Data           1  os_dbg.o(.constdata)
    OSDbg_AppHooksEn                         0x0800e777   Data           1  os_dbg.o(.constdata)
    OSDbg_EndiannessTest                     0x0800e778   Data           4  os_dbg.o(.constdata)
    OSDbg_CalledFromISRChkEn                 0x0800e77c   Data           1  os_dbg.o(.constdata)
    OSDbg_FlagEn                             0x0800e77d   Data           1  os_dbg.o(.constdata)
    OSDbg_FlagGrp                            0x0800e780   Data          40  os_dbg.o(.constdata)
    OSDbg_FlagDelEn                          0x0800e7a8   Data           1  os_dbg.o(.constdata)
    OSDbg_FlagModeClrEn                      0x0800e7a9   Data           1  os_dbg.o(.constdata)
    OSDbg_FlagPendAbortEn                    0x0800e7aa   Data           1  os_dbg.o(.constdata)
    OSDbg_FlagGrpSize                        0x0800e7ac   Data           2  os_dbg.o(.constdata)
    OSDbg_FlagWidth                          0x0800e7ae   Data           2  os_dbg.o(.constdata)
    OSDbg_IntQ                               0x0800e7b0   Data           2  os_dbg.o(.constdata)
    OSDbg_ISRPostDeferredEn                  0x0800e7b2   Data           1  os_dbg.o(.constdata)
    OSDbg_Mem                                0x0800e7b4   Data          32  os_dbg.o(.constdata)
    OSDbg_MemEn                              0x0800e7d4   Data           1  os_dbg.o(.constdata)
    OSDbg_MemSize                            0x0800e7d6   Data           2  os_dbg.o(.constdata)
    OSDbg_MsgEn                              0x0800e7d8   Data           1  os_dbg.o(.constdata)
    OSDbg_MsgSize                            0x0800e7da   Data           2  os_dbg.o(.constdata)
    OSDbg_MsgPoolSize                        0x0800e7dc   Data           2  os_dbg.o(.constdata)
    OSDbg_MsgQSize                           0x0800e7de   Data           2  os_dbg.o(.constdata)
    OSDbg_Mutex                              0x0800e7e0   Data          44  os_dbg.o(.constdata)
    OSDbg_MutexEn                            0x0800e80c   Data           1  os_dbg.o(.constdata)
    OSDbg_MutexDelEn                         0x0800e80d   Data           1  os_dbg.o(.constdata)
    OSDbg_MutexPendAbortEn                   0x0800e80e   Data           1  os_dbg.o(.constdata)
    OSDbg_MutexSize                          0x0800e810   Data           2  os_dbg.o(.constdata)
    OSDbg_ObjTypeChkEn                       0x0800e812   Data           1  os_dbg.o(.constdata)
    OSDbg_PendMultiEn                        0x0800e813   Data           1  os_dbg.o(.constdata)
    OSDbg_PendDataSize                       0x0800e814   Data           2  os_dbg.o(.constdata)
    OSDbg_PendListSize                       0x0800e816   Data           2  os_dbg.o(.constdata)
    OSDbg_PendObjSize                        0x0800e818   Data           2  os_dbg.o(.constdata)
    OSDbg_PrioMax                            0x0800e81a   Data           2  os_dbg.o(.constdata)
    OSDbg_PrioTblSize                        0x0800e81c   Data           2  os_dbg.o(.constdata)
    OSDbg_PtrSize                            0x0800e81e   Data           2  os_dbg.o(.constdata)
    OSDbg_Q                                  0x0800e820   Data          48  os_dbg.o(.constdata)
    OSDbg_QEn                                0x0800e850   Data           1  os_dbg.o(.constdata)
    OSDbg_QDelEn                             0x0800e851   Data           1  os_dbg.o(.constdata)
    OSDbg_QFlushEn                           0x0800e852   Data           1  os_dbg.o(.constdata)
    OSDbg_QPendAbortEn                       0x0800e853   Data           1  os_dbg.o(.constdata)
    OSDbg_QSize                              0x0800e854   Data           2  os_dbg.o(.constdata)
    OSDbg_SchedRoundRobinEn                  0x0800e856   Data           1  os_dbg.o(.constdata)
    OSDbg_Sem                                0x0800e858   Data          40  os_dbg.o(.constdata)
    OSDbg_SemEn                              0x0800e880   Data           1  os_dbg.o(.constdata)
    OSDbg_SemDelEn                           0x0800e881   Data           1  os_dbg.o(.constdata)
    OSDbg_SemPendAbortEn                     0x0800e882   Data           1  os_dbg.o(.constdata)
    OSDbg_SemSetEn                           0x0800e883   Data           1  os_dbg.o(.constdata)
    OSDbg_SemSize                            0x0800e884   Data           2  os_dbg.o(.constdata)
    OSDbg_RdyList                            0x0800e886   Data           2  os_dbg.o(.constdata)
    OSDbg_RdyListSize                        0x0800e888   Data           4  os_dbg.o(.constdata)
    OSDbg_StkWidth                           0x0800e88c   Data           1  os_dbg.o(.constdata)
    OSDbg_StatTaskEn                         0x0800e88d   Data           1  os_dbg.o(.constdata)
    OSDbg_StatTaskStkChkEn                   0x0800e88e   Data           1  os_dbg.o(.constdata)
    OSDbg_TaskChangePrioEn                   0x0800e88f   Data           1  os_dbg.o(.constdata)
    OSDbg_TaskDelEn                          0x0800e890   Data           1  os_dbg.o(.constdata)
    OSDbg_TaskQEn                            0x0800e891   Data           1  os_dbg.o(.constdata)
    OSDbg_TaskQPendAbortEn                   0x0800e892   Data           1  os_dbg.o(.constdata)
    OSDbg_TaskProfileEn                      0x0800e893   Data           1  os_dbg.o(.constdata)
    OSDbg_TaskRegTblSize                     0x0800e894   Data           2  os_dbg.o(.constdata)
    OSDbg_TaskSemPendAbortEn                 0x0800e896   Data           1  os_dbg.o(.constdata)
    OSDbg_TaskSuspendEn                      0x0800e897   Data           1  os_dbg.o(.constdata)
    OSDbg_TCBSize                            0x0800e898   Data           2  os_dbg.o(.constdata)
    OSDbg_TickSpokeSize                      0x0800e89a   Data           2  os_dbg.o(.constdata)
    OSDbg_TimeDlyHMSMEn                      0x0800e89c   Data           1  os_dbg.o(.constdata)
    OSDbg_TimeDlyResumeEn                    0x0800e89d   Data           1  os_dbg.o(.constdata)
    OSDbg_TLS_TblSize                        0x0800e89e   Data           2  os_dbg.o(.constdata)
    OSDbg_Tmr                                0x0800e8a0   Data          52  os_dbg.o(.constdata)
    OSDbg_TmrEn                              0x0800e8d4   Data           1  os_dbg.o(.constdata)
    OSDbg_TmrDelEn                           0x0800e8d5   Data           1  os_dbg.o(.constdata)
    OSDbg_TmrSize                            0x0800e8d6   Data           2  os_dbg.o(.constdata)
    OSDbg_TmrSpokeSize                       0x0800e8d8   Data           2  os_dbg.o(.constdata)
    OSDbg_VersionNbr                         0x0800e8da   Data           2  os_dbg.o(.constdata)
    OSDbg_DataSize                           0x0800e8dc   Data           4  os_dbg.o(.constdata)
    Region$$Table$$Base                      0x0800e8e0   Number         0  anon$$obj.o(Region$$Table)
    Region$$Table$$Limit                     0x0800e900   Number         0  anon$$obj.o(Region$$Table)
    SystemCoreClock                          0x20000000   Data           4  system_stm32f4xx.o(.data)
    AHBPrescTable                            0x20000004   Data          16  system_stm32f4xx.o(.data)
    Read_Date                                0x20000014   Data           8  brake.o(.data)
    Date_len                                 0x2000001c   Data           2  brake.o(.data)
    Status_Date                              0x2000001e   Data           8  brake.o(.data)
    count_now                                0x20000028   Data           4  encoder.o(.data)
    count_last                               0x2000002c   Data           4  encoder.o(.data)
    count_diff                               0x20000030   Data           4  encoder.o(.data)
    motor_speed                              0x20000034   Data           4  encoder.o(.data)
    USART1_TX_BUSY                           0x20000038   Data           1  usart1_dma.o(.data)
    USART2_TX_BUSY                           0x2000003a   Data           1  usart2_dma.o(.data)
    Brake_Current_Vin                        0x2000003c   Data           2  usart2_dma.o(.data)
    Brake_Current_Vout                       0x2000003e   Data           2  usart2_dma.o(.data)
    Brake_Current_Iout                       0x20000040   Data           2  usart2_dma.o(.data)
    Brake_Set_Iout                           0x20000042   Data           2  usart2_dma.o(.data)
    Brake_Set_Vout                           0x20000044   Data           2  usart2_dma.o(.data)
    Brake_Status                             0x20000046   Data           2  usart2_dma.o(.data)
    CPU_TS_TmrFreq_Hz                        0x2000005c   Data           4  cpu_core.o(.data)
    Mem_PoolTbl                              0x20000060   Data           4  lib_mem.o(.data)
    OSPrioTbl                                0x20000064   Data           8  os_prio.o(.data)
    OS_AppTaskCreateHookPtr                  0x2000006c   Data           4  os_var.o(.data)
    OS_AppTaskDelHookPtr                     0x20000070   Data           4  os_var.o(.data)
    OS_AppTaskReturnHookPtr                  0x20000074   Data           4  os_var.o(.data)
    OS_AppIdleTaskHookPtr                    0x20000078   Data           4  os_var.o(.data)
    OS_AppStatTaskHookPtr                    0x2000007c   Data           4  os_var.o(.data)
    OS_AppTaskSwHookPtr                      0x20000080   Data           4  os_var.o(.data)
    OS_AppTimeTickHookPtr                    0x20000084   Data           4  os_var.o(.data)
    OSIdleTaskCtr                            0x20000088   Data           4  os_var.o(.data)
    OSIntNestingCtr                          0x2000008c   Data           1  os_var.o(.data)
    OSRunning                                0x2000008d   Data           1  os_var.o(.data)
    OSIntQInPtr                              0x20000090   Data           4  os_var.o(.data)
    OSIntQOutPtr                             0x20000094   Data           4  os_var.o(.data)
    OSIntQNbrEntries                         0x20000098   Data           2  os_var.o(.data)
    OSIntQNbrEntriesMax                      0x2000009a   Data           2  os_var.o(.data)
    OSIntQOvfCtr                             0x2000009c   Data           2  os_var.o(.data)
    OSIntQTaskTimeMax                        0x200000a0   Data           4  os_var.o(.data)
    OSFlagDbgListPtr                         0x200000a4   Data           4  os_var.o(.data)
    OSFlagQty                                0x200000a8   Data           2  os_var.o(.data)
    OSMemDbgListPtr                          0x200000ac   Data           4  os_var.o(.data)
    OSMemQty                                 0x200000b0   Data           2  os_var.o(.data)
    OSMutexDbgListPtr                        0x200000b4   Data           4  os_var.o(.data)
    OSMutexQty                               0x200000b8   Data           2  os_var.o(.data)
    OSPrioCur                                0x200000ba   Data           1  os_var.o(.data)
    OSPrioHighRdy                            0x200000bb   Data           1  os_var.o(.data)
    OSPrioSaved                              0x200000bc   Data           1  os_var.o(.data)
    OSQDbgListPtr                            0x200000c0   Data           4  os_var.o(.data)
    OSQQty                                   0x200000c4   Data           2  os_var.o(.data)
    OSSchedLockTimeBegin                     0x200000c8   Data           4  os_var.o(.data)
    OSSchedLockTimeMax                       0x200000cc   Data           4  os_var.o(.data)
    OSSchedLockTimeMaxCur                    0x200000d0   Data           4  os_var.o(.data)
    OSSchedLockNestingCtr                    0x200000d4   Data           1  os_var.o(.data)
    OSSchedRoundRobinDfltTimeQuanta          0x200000d8   Data           4  os_var.o(.data)
    OSSchedRoundRobinEn                      0x200000dc   Data           1  os_var.o(.data)
    OSSemDbgListPtr                          0x200000e0   Data           4  os_var.o(.data)
    OSSemQty                                 0x200000e4   Data           2  os_var.o(.data)
    OSStatResetFlag                          0x200000e6   Data           1  os_var.o(.data)
    OSStatTaskCPUUsage                       0x200000e8   Data           2  os_var.o(.data)
    OSStatTaskCPUUsageMax                    0x200000ea   Data           2  os_var.o(.data)
    OSStatTaskCtr                            0x200000ec   Data           4  os_var.o(.data)
    OSStatTaskCtrMax                         0x200000f0   Data           4  os_var.o(.data)
    OSStatTaskCtrRun                         0x200000f4   Data           4  os_var.o(.data)
    OSStatTaskRdy                            0x200000f8   Data           1  os_var.o(.data)
    OSStatTaskTimeMax                        0x200000fc   Data           4  os_var.o(.data)
    OSTaskCtxSwCtr                           0x20000100   Data           4  os_var.o(.data)
    OSTaskDbgListPtr                         0x20000104   Data           4  os_var.o(.data)
    OSTaskQty                                0x20000108   Data           2  os_var.o(.data)
    OSTaskRegNextAvailID                     0x2000010a   Data           1  os_var.o(.data)
    OSTickCtr                                0x2000010c   Data           4  os_var.o(.data)
    OSTickTaskTimeMax                        0x20000110   Data           4  os_var.o(.data)
    OSTmrDbgListPtr                          0x20000114   Data           4  os_var.o(.data)
    OSTmrQty                                 0x20000118   Data           2  os_var.o(.data)
    OSTmrTaskTimeMax                         0x2000011c   Data           4  os_var.o(.data)
    OSTmrTickCtr                             0x20000120   Data           4  os_var.o(.data)
    OSTmrUpdateCnt                           0x20000124   Data           4  os_var.o(.data)
    OSTmrUpdateCtr                           0x20000128   Data           4  os_var.o(.data)
    OSTCBCurPtr                              0x2000012c   Data           4  os_var.o(.data)
    OSTCBHighRdyPtr                          0x20000130   Data           4  os_var.o(.data)
    OS_CPU_ExceptStkBase                     0x20000134   Data           4  os_cpu_c.o(.data)
    ProbeScope_DataRdyFlag                   0x20000138   Data           4  probe_scope.o(.data)
    ProbeScope_InitFlag                      0x2000013c   Data           4  probe_scope.o(.data)
    ProbeScope_TrigDispPos                   0x20000144   Data           4  probe_scope.o(.data)
    ProbeScope_TrigFlag                      0x20000148   Data           4  probe_scope.o(.data)
    ProbeScope_TrigHoldOff                   0x2000014c   Data           4  probe_scope.o(.data)
    ProbeScope_TrigIx                        0x20000154   Data           4  probe_scope.o(.data)
    ProbeScope_SamplingClkHz                 0x20000170   Data           4  probe_scope.o(.data)
    StartTaskTCB                             0x20000188   Data         196  task.o(.bss)
    START_TASK_STK                           0x2000024c   Data        2048  task.o(.bss)
    LedTaskTCB                               0x20000a4c   Data         196  task.o(.bss)
    LED_TASK_STK                             0x20000b10   Data         512  task.o(.bss)
    USART2TaskTCB                            0x20000d10   Data         196  task.o(.bss)
    USART2_TASK_STK                          0x20000dd4   Data         256  task.o(.bss)
    MOTORTaskTCB                             0x20000ed4   Data         196  task.o(.bss)
    MOTOR_TASK_STK                           0x20000f98   Data         512  task.o(.bss)
    BRAKETaskTCB                             0x20001198   Data         196  task.o(.bss)
    BRAKE_TASK_STK                           0x20001260   Data         512  task.o(.bss)
    MOTORKEYTaskTCB                          0x20001460   Data         196  task.o(.bss)
    MOTOR_KEY_TASK_STK                       0x20001528   Data         384  task.o(.bss)
    BRAKEKEYTaskTCB                          0x200016a8   Data         196  task.o(.bss)
    BRAKE_KEY_TASK_STK                       0x20001770   Data         384  task.o(.bss)
    MOTOR_Msg                                0x200018f0   Data          48  task.o(.bss)
    BRAKE_Msg                                0x20001920   Data          48  task.o(.bss)
    MOTORFLAG                                0x20001950   Data          40  task.o(.bss)
    BRAKEFLAG                                0x20001978   Data          40  task.o(.bss)
    Receive_Date                             0x200019a0   Data          17  brake.o(.bss)
    Write_Date                               0x200019b1   Data          13  brake.o(.bss)
    USART1_SEND_DATA                         0x200019be   Data          64  usart1_dma.o(.bss)
    USART1_RECEIVE_DATA                      0x200019fe   Data          64  usart1_dma.o(.bss)
    uart1_rx                                 0x20001a3e   Data         129  usart1_dma.o(.bss)
    uart1_tx                                 0x20001abf   Data         129  usart1_dma.o(.bss)
    USART2_SEND_DATA                         0x20001b40   Data          64  usart2_dma.o(.bss)
    USART2_RECEIVE_DATA                      0x20001b80   Data          64  usart2_dma.o(.bss)
    uart2_rx                                 0x20001bc0   Data         129  usart2_dma.o(.bss)
    uart2_tx                                 0x20001c41   Data         129  usart2_dma.o(.bss)
    CPU_Name                                 0x20001cc2   Data          16  cpu_core.o(.bss)
    Mem_PoolHeap                             0x20001cd4   Data          72  lib_mem.o(.bss)
    Mem_Heap                                 0x20001d1c   Data        1024  lib_mem.o(.bss)
    OSCfg_IdleTaskStk                        0x2000211c   Data         512  os_cfg_app.o(.bss)
    OSCfg_IntQ                               0x2000231c   Data         320  os_cfg_app.o(.bss)
    OSCfg_IntQTaskStk                        0x2000245c   Data         512  os_cfg_app.o(.bss)
    OSCfg_ISRStk                             0x2000265c   Data         512  os_cfg_app.o(.bss)
    OSCfg_MsgPool                            0x2000285c   Data        1600  os_cfg_app.o(.bss)
    OSCfg_StatTaskStk                        0x20002e9c   Data         512  os_cfg_app.o(.bss)
    OSCfg_TickTaskStk                        0x2000309c   Data         512  os_cfg_app.o(.bss)
    OSCfg_TickWheel                          0x2000329c   Data         136  os_cfg_app.o(.bss)
    OSCfg_TmrTaskStk                         0x20003324   Data         512  os_cfg_app.o(.bss)
    OSCfg_TmrWheel                           0x20003524   Data         136  os_cfg_app.o(.bss)
    OSIdleTaskTCB                            0x200035ac   Data         196  os_var.o(.bss)
    OSIntQTaskTCB                            0x20003670   Data         196  os_var.o(.bss)
    OSMsgPool                                0x20003734   Data          12  os_var.o(.bss)
    OSRdyList                                0x20003740   Data         768  os_var.o(.bss)
    OSStatTaskTCB                            0x20003a40   Data         196  os_var.o(.bss)
    OSTickTaskTCB                            0x20003b04   Data         196  os_var.o(.bss)
    OSTmrTaskTCB                             0x20003bc8   Data         196  os_var.o(.bss)
    __libspace_start                         0x20007b6c   Data          96  libspace.o(.bss)
    __temporary_stack_top$libspace           0x20007bcc   Data           0  libspace.o(.bss)



==============================================================================

Memory Map of the image

  Image Entry point : 0x08000189

  Load Region LR_IROM1 (Base: 0x08000000, Size: 0x0000ea88, Max: 0x00100000, ABSOLUTE, COMPRESSED[0x0000e920])

    Execution Region ER_IROM1 (Exec base: 0x08000000, Load base: 0x08000000, Size: 0x0000e900, Max: 0x00100000, ABSOLUTE)

    Exec Addr    Load Addr    Size         Type   Attr      Idx    E Section Name        Object

    0x08000000   0x08000000   0x00000188   Data   RO          839    RESET               startup_stm32f40_41xxx.o
    0x08000188   0x08000188   0x00000008   Code   RO         2038  * !!!main             c_w.l(__main.o)
    0x08000190   0x08000190   0x00000034   Code   RO         2244    !!!scatter          c_w.l(__scatter.o)
    0x080001c4   0x080001c4   0x0000005a   Code   RO         2242    !!dczerorl2         c_w.l(__dczerorl2.o)
    0x0800021e   0x0800021e   0x00000002   PAD
    0x08000220   0x08000220   0x0000001c   Code   RO         2246    !!handler_zi        c_w.l(__scatter_zi.o)
    0x0800023c   0x0800023c   0x00000002   Code   RO         2112    .ARM.Collect$$libinit$$00000000  c_w.l(libinit.o)
    0x0800023e   0x0800023e   0x00000004   Code   RO         2124    .ARM.Collect$$libinit$$00000001  c_w.l(libinit2.o)
    0x08000242   0x08000242   0x00000000   Code   RO         2127    .ARM.Collect$$libinit$$00000004  c_w.l(libinit2.o)
    0x08000242   0x08000242   0x00000000   Code   RO         2130    .ARM.Collect$$libinit$$0000000A  c_w.l(libinit2.o)
    0x08000242   0x08000242   0x00000000   Code   RO         2132    .ARM.Collect$$libinit$$0000000C  c_w.l(libinit2.o)
    0x08000242   0x08000242   0x00000000   Code   RO         2134    .ARM.Collect$$libinit$$0000000E  c_w.l(libinit2.o)
    0x08000242   0x08000242   0x00000000   Code   RO         2137    .ARM.Collect$$libinit$$00000011  c_w.l(libinit2.o)
    0x08000242   0x08000242   0x00000000   Code   RO         2139    .ARM.Collect$$libinit$$00000013  c_w.l(libinit2.o)
    0x08000242   0x08000242   0x00000000   Code   RO         2141    .ARM.Collect$$libinit$$00000015  c_w.l(libinit2.o)
    0x08000242   0x08000242   0x00000000   Code   RO         2143    .ARM.Collect$$libinit$$00000017  c_w.l(libinit2.o)
    0x08000242   0x08000242   0x00000000   Code   RO         2145    .ARM.Collect$$libinit$$00000019  c_w.l(libinit2.o)
    0x08000242   0x08000242   0x00000000   Code   RO         2147    .ARM.Collect$$libinit$$0000001B  c_w.l(libinit2.o)
    0x08000242   0x08000242   0x00000000   Code   RO         2149    .ARM.Collect$$libinit$$0000001D  c_w.l(libinit2.o)
    0x08000242   0x08000242   0x00000000   Code   RO         2151    .ARM.Collect$$libinit$$0000001F  c_w.l(libinit2.o)
    0x08000242   0x08000242   0x00000000   Code   RO         2153    .ARM.Collect$$libinit$$00000021  c_w.l(libinit2.o)
    0x08000242   0x08000242   0x00000000   Code   RO         2155    .ARM.Collect$$libinit$$00000023  c_w.l(libinit2.o)
    0x08000242   0x08000242   0x00000000   Code   RO         2157    .ARM.Collect$$libinit$$00000025  c_w.l(libinit2.o)
    0x08000242   0x08000242   0x00000000   Code   RO         2161    .ARM.Collect$$libinit$$0000002C  c_w.l(libinit2.o)
    0x08000242   0x08000242   0x00000000   Code   RO         2163    .ARM.Collect$$libinit$$0000002E  c_w.l(libinit2.o)
    0x08000242   0x08000242   0x00000000   Code   RO         2165    .ARM.Collect$$libinit$$00000030  c_w.l(libinit2.o)
    0x08000242   0x08000242   0x00000000   Code   RO         2167    .ARM.Collect$$libinit$$00000032  c_w.l(libinit2.o)
    0x08000242   0x08000242   0x00000002   Code   RO         2168    .ARM.Collect$$libinit$$00000033  c_w.l(libinit2.o)
    0x08000244   0x08000244   0x00000002   Code   RO         2199    .ARM.Collect$$libshutdown$$00000000  c_w.l(libshutdown.o)
    0x08000246   0x08000246   0x00000000   Code   RO         2225    .ARM.Collect$$libshutdown$$00000002  c_w.l(libshutdown2.o)
    0x08000246   0x08000246   0x00000000   Code   RO         2227    .ARM.Collect$$libshutdown$$00000004  c_w.l(libshutdown2.o)
    0x08000246   0x08000246   0x00000000   Code   RO         2230    .ARM.Collect$$libshutdown$$00000007  c_w.l(libshutdown2.o)
    0x08000246   0x08000246   0x00000000   Code   RO         2233    .ARM.Collect$$libshutdown$$0000000A  c_w.l(libshutdown2.o)
    0x08000246   0x08000246   0x00000000   Code   RO         2235    .ARM.Collect$$libshutdown$$0000000C  c_w.l(libshutdown2.o)
    0x08000246   0x08000246   0x00000000   Code   RO         2238    .ARM.Collect$$libshutdown$$0000000F  c_w.l(libshutdown2.o)
    0x08000246   0x08000246   0x00000002   Code   RO         2239    .ARM.Collect$$libshutdown$$00000010  c_w.l(libshutdown2.o)
    0x08000248   0x08000248   0x00000000   Code   RO         2066    .ARM.Collect$$rtentry$$00000000  c_w.l(__rtentry.o)
    0x08000248   0x08000248   0x00000000   Code   RO         2083    .ARM.Collect$$rtentry$$00000002  c_w.l(__rtentry2.o)
    0x08000248   0x08000248   0x00000006   Code   RO         2095    .ARM.Collect$$rtentry$$00000004  c_w.l(__rtentry4.o)
    0x0800024e   0x0800024e   0x00000000   Code   RO         2085    .ARM.Collect$$rtentry$$00000009  c_w.l(__rtentry2.o)
    0x0800024e   0x0800024e   0x00000004   Code   RO         2086    .ARM.Collect$$rtentry$$0000000A  c_w.l(__rtentry2.o)
    0x08000252   0x08000252   0x00000000   Code   RO         2088    .ARM.Collect$$rtentry$$0000000C  c_w.l(__rtentry2.o)
    0x08000252   0x08000252   0x00000008   Code   RO         2089    .ARM.Collect$$rtentry$$0000000D  c_w.l(__rtentry2.o)
    0x0800025a   0x0800025a   0x00000002   Code   RO         2116    .ARM.Collect$$rtexit$$00000000  c_w.l(rtexit.o)
    0x0800025c   0x0800025c   0x00000000   Code   RO         2172    .ARM.Collect$$rtexit$$00000002  c_w.l(rtexit2.o)
    0x0800025c   0x0800025c   0x00000004   Code   RO         2173    .ARM.Collect$$rtexit$$00000003  c_w.l(rtexit2.o)
    0x08000260   0x08000260   0x00000006   Code   RO         2174    .ARM.Collect$$rtexit$$00000004  c_w.l(rtexit2.o)
    0x08000266   0x08000266   0x00000002   PAD
    0x08000268   0x08000268   0x000000b8   Code   RO            3    .text               main.o
    0x08000320   0x08000320   0x00000016   Code   RO          213    .text               stm32f4xx_it.o
    0x08000336   0x08000336   0x00000002   PAD
    0x08000338   0x08000338   0x00000210   Code   RO          262    .text               system_stm32f4xx.o
    0x08000548   0x08000548   0x0000064c   Code   RO          288    .text               task.o
    0x08000b94   0x08000b94   0x00000230   Code   RO          478    .text               encoder.o
    0x08000dc4   0x08000dc4   0x00000124   Code   RO          521    .text               gpio.o
    0x08000ee8   0x08000ee8   0x00000060   Code   RO          541    .text               led.o
    0x08000f48   0x08000f48   0x00000080   Code   RO          587    .text               motor.o
    0x08000fc8   0x08000fc8   0x00000134   Code   RO          641    .text               pwm.o
    0x080010fc   0x080010fc   0x00000078   Code   RO          723    .text               task_timer.o
    0x08001174   0x08001174   0x00000060   Code   RO          754    .text               test.o
    0x080011d4   0x080011d4   0x000002e4   Code   RO          774    .text               usart1_dma.o
    0x080014b8   0x080014b8   0x00000364   Code   RO          804    .text               usart2_dma.o
    0x0800181c   0x0800181c   0x00000040   Code   RO          840    .text               startup_stm32f40_41xxx.o
    0x0800185c   0x0800185c   0x000000e0   Code   RO          846    .text               misc.o
    0x0800193c   0x0800193c   0x00000294   Code   RO          866    .text               stm32f4xx_gpio.o
    0x08001bd0   0x08001bd0   0x0000065c   Code   RO          886    .text               stm32f4xx_rcc.o
    0x0800222c   0x0800222c   0x00000094   Code   RO          908    .text               stm32f4xx_syscfg.o
    0x080022c0   0x080022c0   0x00000454   Code   RO          928    .text               stm32f4xx_usart.o
    0x08002714   0x08002714   0x000003a8   Code   RO         1148    .text               stm32f4xx_dma.o
    0x08002abc   0x08002abc   0x00000110   Code   RO         1191    .text               stm32f4xx_exti.o
    0x08002bcc   0x08002bcc   0x00000ca2   Code   RO         1523    .text               stm32f4xx_tim.o
    0x0800386e   0x0800386e   0x00000002   PAD
    0x08003870   0x08003870   0x00000148   Code   RO         1563    .text               delay.o
    0x080039b8   0x080039b8   0x00000084   Code   RO         1606    .text               bsp.o
    0x08003a3c   0x08003a3c   0x000002a8   Code   RO         1639    .text               cpu_core.o
    0x08003ce4   0x08003ce4   0x00000034   Code   RO         1665    .text               cpu_a.o
    0x08003d18   0x08003d18   0x00000256   Code   RO         1668    .text               lib_ascii.o
    0x08003f6e   0x08003f6e   0x00000002   PAD
    0x08003f70   0x08003f70   0x000009c6   Code   RO         1701    .text               lib_mem.o
    0x08004936   0x08004936   0x00000002   PAD
    0x08004938   0x08004938   0x0000092c   Code   RO         1720    .text               lib_str.o
    0x08005264   0x08005264   0x00000220   Code   RO         1737    .text               lib_mem_a.o
    0x08005484   0x08005484   0x000000fc   Code   RO         1740    .text               os_cfg_app.o
    0x08005580   0x08005580   0x00000df0   Code   RO         1763    .text               os_core.o
    0x08006370   0x08006370   0x000001b0   Code   RO         1775    .text               os_dbg.o
    0x08006520   0x08006520   0x00000e28   Code   RO         1790    .text               os_flag.o
    0x08007348   0x08007348   0x00000444   Code   RO         1802    .text               os_int.o
    0x0800778c   0x0800778c   0x00000238   Code   RO         1814    .text               os_mem.o
    0x080079c4   0x080079c4   0x0000022c   Code   RO         1826    .text               os_msg.o
    0x08007bf0   0x08007bf0   0x00000ad4   Code   RO         1838    .text               os_mutex.o
    0x080086c4   0x080086c4   0x0000007c   Code   RO         1856    .text               os_prio.o
    0x08008740   0x08008740   0x000008d8   Code   RO         1875    .text               os_q.o
    0x08009018   0x08009018   0x00000830   Code   RO         1887    .text               os_sem.o
    0x08009848   0x08009848   0x00000638   Code   RO         1899    .text               os_stat.o
    0x08009e80   0x08009e80   0x00001bb4   Code   RO         1911    .text               os_task.o
    0x0800ba34   0x0800ba34   0x000004fc   Code   RO         1923    .text               os_tick.o
    0x0800bf30   0x0800bf30   0x00000564   Code   RO         1935    .text               os_time.o
    0x0800c494   0x0800c494   0x00000818   Code   RO         1947    .text               os_tmr.o
    0x0800ccac   0x0800ccac   0x000003f8   Code   RO         1975    .text               os_cpu_c.o
    0x0800d0a4   0x0800d0a4   0x00000938   Code   RO         2014    .text               probe_scope.o
    0x0800d9dc   0x0800d9dc   0x000000ee   Code   RO         2032    .text               c_w.l(lludivv7m.o)
    0x0800daca   0x0800daca   0x0000008a   Code   RO         2034    .text               c_w.l(rt_memcpy_v6.o)
    0x0800db54   0x0800db54   0x00000006   Code   RO         2036    .text               c_w.l(heapauxi.o)
    0x0800db5a   0x0800db5a   0x00000064   Code   RO         2071    .text               c_w.l(rt_memcpy_w.o)
    0x0800dbbe   0x0800dbbe   0x0000004a   Code   RO         2099    .text               c_w.l(sys_stackheap_outer.o)
    0x0800dc08   0x0800dc08   0x00000012   Code   RO         2101    .text               c_w.l(exit.o)
    0x0800dc1a   0x0800dc1a   0x00000002   PAD
    0x0800dc1c   0x0800dc1c   0x00000008   Code   RO         2113    .text               c_w.l(libspace.o)
    0x0800dc24   0x0800dc24   0x0000000c   Code   RO         2169    .text               c_w.l(sys_exit.o)
    0x0800dc30   0x0800dc30   0x00000002   Code   RO         2188    .text               c_w.l(use_no_semi.o)
    0x0800dc32   0x0800dc32   0x00000000   Code   RO         2190    .text               c_w.l(indicate_semi.o)
    0x0800dc32   0x0800dc32   0x00000002   PAD
    0x0800dc34   0x0800dc34   0x000000ac   Code   RO         1999    CODE                os_cpu_a.o
    0x0800dce0   0x0800dce0   0x00000062   Code   RO         2040    x$fpl$d2f           fz_wm.l(d2f.o)
    0x0800dd42   0x0800dd42   0x00000002   PAD
    0x0800dd44   0x0800dd44   0x00000150   Code   RO         2042    x$fpl$dadd          fz_wm.l(daddsub_clz.o)
    0x0800de94   0x0800de94   0x000002b0   Code   RO         2049    x$fpl$ddiv          fz_wm.l(ddiv.o)
    0x0800e144   0x0800e144   0x0000005a   Code   RO         2052    x$fpl$dfixu         fz_wm.l(dfixu.o)
    0x0800e19e   0x0800e19e   0x00000026   Code   RO         2056    x$fpl$dfltu         fz_wm.l(dflt_clz.o)
    0x0800e1c4   0x0800e1c4   0x0000009c   Code   RO         2073    x$fpl$dnaninf       fz_wm.l(dnaninf.o)
    0x0800e260   0x0800e260   0x0000000c   Code   RO         2075    x$fpl$dretinf       fz_wm.l(dretinf.o)
    0x0800e26c   0x0800e26c   0x000001d4   Code   RO         2044    x$fpl$dsub          fz_wm.l(daddsub_clz.o)
    0x0800e440   0x0800e440   0x00000056   Code   RO         2064    x$fpl$f2d           fz_wm.l(f2d.o)
    0x0800e496   0x0800e496   0x0000008c   Code   RO         2077    x$fpl$fnaninf       fz_wm.l(fnaninf.o)
    0x0800e522   0x0800e522   0x0000000a   Code   RO         2184    x$fpl$fpinit        fz_wm.l(fpinit.o)
    0x0800e52c   0x0800e52c   0x0000000a   Code   RO         2079    x$fpl$fretinf       fz_wm.l(fretinf.o)
    0x0800e536   0x0800e536   0x00000000   Code   RO         2081    x$fpl$usenofp       fz_wm.l(usenofp.o)
    0x0800e536   0x0800e536   0x00000002   PAD
    0x0800e538   0x0800e538   0x00000104   Data   RO         1641    .constdata          cpu_core.o
    0x0800e63c   0x0800e63c   0x00000094   Data   RO         1721    .constdata          lib_str.o
    0x0800e6d0   0x0800e6d0   0x000000a4   Data   RO         1742    .constdata          os_cfg_app.o
    0x0800e774   0x0800e774   0x0000016c   Data   RO         1776    .constdata          os_dbg.o
    0x0800e8e0   0x0800e8e0   0x00000020   Data   RO         2240    Region$$Table       anon$$obj.o


    Execution Region RW_IRAM2 (Exec base: 0x10000000, Load base: 0x0800e920, Size: 0x00000000, Max: 0x00010000, ABSOLUTE)

    **** No section assigned to this execution region ****


    Execution Region RW_IRAM1 (Exec base: 0x20000000, Load base: 0x0800e900, Size: 0x000081d0, Max: 0x00020000, ABSOLUTE, COMPRESSED[0x00000020])

    Exec Addr    Load Addr    Size         Type   Attr      Idx    E Section Name        Object

    0x20000000   COMPRESSED   0x00000014   Data   RW          263    .data               system_stm32f4xx.o
    0x20000014   COMPRESSED   0x00000012   Data   RW          359    .data               brake.o
    0x20000026   COMPRESSED   0x00000002   PAD
    0x20000028   COMPRESSED   0x00000010   Data   RW          479    .data               encoder.o
    0x20000038   COMPRESSED   0x00000001   Data   RW          776    .data               usart1_dma.o
    0x20000039   COMPRESSED   0x00000001   PAD
    0x2000003a   COMPRESSED   0x0000000e   Data   RW          806    .data               usart2_dma.o
    0x20000048   COMPRESSED   0x00000010   Data   RW          887    .data               stm32f4xx_rcc.o
    0x20000058   COMPRESSED   0x00000004   Data   RW         1564    .data               delay.o
    0x2000005c   COMPRESSED   0x00000004   Data   RW         1642    .data               cpu_core.o
    0x20000060   COMPRESSED   0x00000004   Data   RW         1703    .data               lib_mem.o
    0x20000064   COMPRESSED   0x00000008   Data   RW         1857    .data               os_prio.o
    0x2000006c   COMPRESSED   0x000000c8   Data   RW         1960    .data               os_var.o
    0x20000134   COMPRESSED   0x00000004   Data   RW         1976    .data               os_cpu_c.o
    0x20000138   COMPRESSED   0x00000050   Data   RW         2016    .data               probe_scope.o
    0x20000188        -       0x00001818   Zero   RW          289    .bss                task.o
    0x200019a0        -       0x0000001e   Zero   RW          357    .bss                brake.o
    0x200019be        -       0x00000182   Zero   RW          775    .bss                usart1_dma.o
    0x20001b40        -       0x00000182   Zero   RW          805    .bss                usart2_dma.o
    0x20001cc2        -       0x00000010   Zero   RW         1640    .bss                cpu_core.o
    0x20001cd2   COMPRESSED   0x00000002   PAD
    0x20001cd4        -       0x00000448   Zero   RW         1702    .bss                lib_mem.o
    0x2000211c        -       0x00001490   Zero   RW         1741    .bss                os_cfg_app.o
    0x200035ac        -       0x000006e0   Zero   RW         1959    .bss                os_var.o
    0x20003c8c        -       0x00003ee0   Zero   RW         2015    .bss                probe_scope.o
    0x20007b6c        -       0x00000060   Zero   RW         2114    .bss                c_w.l(libspace.o)
    0x20007bcc   COMPRESSED   0x00000004   PAD
    0x20007bd0        -       0x00000200   Zero   RW          838    HEAP                startup_stm32f40_41xxx.o
    0x20007dd0        -       0x00000400   Zero   RW          837    STACK               startup_stm32f40_41xxx.o


==============================================================================

Image component sizes


      Code (inc. data)   RO Data    RW Data    ZI Data      Debug   Object Name

         0          0          0         18         30       1197   brake.o
       132         14          0          0          0       1207   bsp.o
        52          0          0          0          0        316   cpu_a.o
       680         14        260          4         16      14679   cpu_core.o
       328         24          0          4          0       1869   delay.o
       560         42          0         16          0       1765   encoder.o
       292         10          0          0          0        909   gpio.o
        96         10          0          0          0        546   led.o
       598          0          0          0          0       3956   lib_ascii.o
      2502         32          0          4       1096      22328   lib_mem.o
       544          0          0          0          0        464   lib_mem_a.o
      2348          6        148          0          0      13866   lib_str.o
       184         10          0          0          0     336527   main.o
       224         20          0          0          0       1937   misc.o
       128         12          0          0          0        959   motor.o
       252        166        164          0       5264      20858   os_cfg_app.o
      3568        284          0          0          0      12605   os_core.o
       172         32          0          0          0        384   os_cpu_a.o
      1016         64          0          4          0       4033   os_cpu_c.o
       432        286        364          0          0       4733   os_dbg.o
      3624        110          0          0          0       8239   os_flag.o
      1092        146          0          0          0       2344   os_int.o
       568         20          0          0          0       2864   os_mem.o
       556         12          0          0          0       2855   os_msg.o
      2772        114          0          0          0       5774   os_mutex.o
       124          4          0          8          0       1876   os_prio.o
      2264         76          0          0          0       6540   os_q.o
      2096         70          0          0          0       6556   os_sem.o
      1592        180          0          0          0       2825   os_stat.o
      7092        270          0          0          0      14382   os_task.o
      1276         90          0          0          0       3445   os_tick.o
      1380         46          0          0          0       3297   os_time.o
      2072        140          0          0          0       6678   os_tmr.o
         0          0          0        200       1760      19313   os_var.o
      2360        216          0         80      16096       5972   probe_scope.o
       308         10          0          0          0       1188   pwm.o
        64         26        392          0       1536        824   startup_stm32f40_41xxx.o
       936         32          0          0          0       6513   stm32f4xx_dma.o
       272         10          0          0          0       2403   stm32f4xx_exti.o
       660         44          0          0          0       4273   stm32f4xx_gpio.o
        22          0          0          0          0       1023   stm32f4xx_it.o
      1628         52          0         16          0      13168   stm32f4xx_rcc.o
       148         12          0          0          0       1889   stm32f4xx_syscfg.o
      3234         60          0          0          0      23128   stm32f4xx_tim.o
      1108         34          0          0          0       8000   stm32f4xx_usart.o
       528         46          0         20          0       1747   system_stm32f4xx.o
      1612        246          0          0       6168       6609   task.o
       120          4          0          0          0        838   task_timer.o
        96         12          0          0          0        784   test.o
       740         36          0          1        386       3203   usart1_dma.o
       868         68          0         14        386       3710   usart2_dma.o

    ----------------------------------------------------------------------
     55328       3212       1360        392      32740     617398   Object Totals
         0          0         32          0          0          0   (incl. Generated)
         8          0          0          3          2          0   (incl. Padding)

    ----------------------------------------------------------------------

      Code (inc. data)   RO Data    RW Data    ZI Data      Debug   Library Member Name

        90          0          0          0          0          0   __dczerorl2.o
         8          0          0          0          0         68   __main.o
         0          0          0          0          0          0   __rtentry.o
        12          0          0          0          0          0   __rtentry2.o
         6          0          0          0          0          0   __rtentry4.o
        52          8          0          0          0          0   __scatter.o
        28          0          0          0          0          0   __scatter_zi.o
        18          0          0          0          0         80   exit.o
         6          0          0          0          0        152   heapauxi.o
         0          0          0          0          0          0   indicate_semi.o
         2          0          0          0          0          0   libinit.o
         6          0          0          0          0          0   libinit2.o
         2          0          0          0          0          0   libshutdown.o
         2          0          0          0          0          0   libshutdown2.o
         8          4          0          0         96         68   libspace.o
       238          0          0          0          0        100   lludivv7m.o
       138          0          0          0          0         68   rt_memcpy_v6.o
       100          0          0          0          0         80   rt_memcpy_w.o
         2          0          0          0          0          0   rtexit.o
        10          0          0          0          0          0   rtexit2.o
        12          4          0          0          0         68   sys_exit.o
        74          0          0          0          0         80   sys_stackheap_outer.o
         2          0          0          0          0         68   use_no_semi.o
        98          4          0          0          0        140   d2f.o
       804         16          0          0          0        368   daddsub_clz.o
       688        140          0          0          0        256   ddiv.o
        90          4          0          0          0        140   dfixu.o
        38          0          0          0          0        116   dflt_clz.o
       156          4          0          0          0        140   dnaninf.o
        12          0          0          0          0        116   dretinf.o
        86          4          0          0          0        132   f2d.o
       140          4          0          0          0        132   fnaninf.o
        10          0          0          0          0        116   fpinit.o
        10          0          0          0          0        116   fretinf.o
         0          0          0          0          0          0   usenofp.o

    ----------------------------------------------------------------------
      2960        192          0          0        100       2604   Library Totals
        12          0          0          0          4          0   (incl. Padding)

    ----------------------------------------------------------------------

      Code (inc. data)   RO Data    RW Data    ZI Data      Debug   Library Name

       816         16          0          0         96        832   c_w.l
      2132        176          0          0          0       1772   fz_wm.l

    ----------------------------------------------------------------------
      2960        192          0          0        100       2604   Library Totals

    ----------------------------------------------------------------------

==============================================================================


      Code (inc. data)   RO Data    RW Data    ZI Data      Debug   

     58288       3404       1360        392      32840     608790   Grand Totals
     58288       3404       1360         32      32840     608790   ELF Image Totals (compressed)
     58288       3404       1360         32          0          0   ROM Totals

==============================================================================

    Total RO  Size (Code + RO Data)                59648 (  58.25kB)
    Total RW  Size (RW Data + ZI Data)             33232 (  32.45kB)
    Total ROM Size (Code + RO Data + RW Data)      59680 (  58.28kB)

==============================================================================

